 
Ansys Electronics Desktop Version 2024.2.0, Build: 2024-05-23 02:23:50
Location: C:\Program Files\AnsysEM\v242\Win64\ansysedt.exe
Non Graphical Mode: No Project??
Starting Batch Run: 8:09:29 PM  Apr 09, 2025
Running as user : DESKTOP-RMS1URL\tsne
Temp directory: C:\Users\tsne\AppData\Local\Temp
Project directory: C:\Users\tsne\Documents\Ansoft
[warning] Electronics Desktop cannot be closed right now because it is being used by another application, script or extension wizard.

[warning] Electronics Desktop cannot be closed right now because it is being used by another application, script or extension wizard.

[warning] Electronics Desktop cannot be closed right now because it is being used by another application, script or extension wizard.

[warning] Electronics Desktop cannot be closed right now because it is being used by another application, script or extension wizard.

 
Ansys Electronics Desktop Version 2024.2.0, Build: 2024-05-23 02:23:50
Location: C:\Program Files\AnsysEM\v242\Win64\ansysedt.exe
Non Graphical Mode: No Project??
Starting Batch Run: 8:34:34 PM  Apr 09, 2025
Running as user : DESKTOP-RMS1URL\tsne
Temp directory: C:\Users\tsne\AppData\Local\Temp
Project directory: C:\Users\tsne\Documents\Ansoft
 
Ansys Electronics Desktop Version 2024.2.0, Build: 2024-05-23 02:23:50
Location: C:\Program Files\AnsysEM\v242\Win64\ansysedt.exe
Non Graphical Mode: No Project??
Starting Batch Run: 8:44:23 PM  Apr 09, 2025
Running as user : DESKTOP-RMS1URL\tsne
Temp directory: C:\Users\tsne\AppData\Local\Temp
Project directory: C:\Users\tsne\Documents\Ansoft
[warning] Electronics Desktop cannot be closed right now because it is being used by another application, script or extension wizard.

[warning] Electronics Desktop cannot be closed right now because it is being used by another application, script or extension wizard.

 
Ansys Electronics Desktop Version 2024.2.0, Build: 2024-05-23 02:23:50
Location: C:\Program Files\AnsysEM\v242\Win64\ansysedt.exe
Non Graphical Mode: No Project??
Starting Batch Run: 8:58:12 PM  Apr 09, 2025
Running as user : DESKTOP-RMS1URL\tsne
Temp directory: C:\Users\tsne\AppData\Local\Temp
Project directory: C:\Users\tsne\Documents\Ansoft
[warning] Electronics Desktop cannot be closed right now because it is being used by another application, script or extension wizard.

on Graphical Mode: No Project??
Starting Batch Run: 9:08:49 PM  Apr 09, 2025
Running as user : DESKTOP-RMS1URL\tsne
Temp directory: C:\Users\tsne\AppData\Local\Temp
Project directory: C:\Users\tsne\Documents\Ansoft
[warning] Electronics Desktop cannot be closed right now because it is being used by another application, script or extension wizard.

 
Ansys Electronics Desktop Version 2024.2.0, Build: 2024-05-23 02:23:50
Location: C:\Program Files\AnsysEM\v242\Win64\ansysedt.exe
Non Graphical Mode: No Project??
Starting Batch Run: 9:16:39 PM  Apr 09, 2025
Running as user : DESKTOP-RMS1URL\tsne
Temp directory: C:\Users\tsne\AppData\Local\Temp
Project directory: C:\Users\tsne\Documents\Ansoft
aphical Mode: No Project??
Starting Batch Run: 9:16:39 PM  Apr 09, 2025
Running as user : DESKTOP-RMS1URL\tsne
Temp directory: C:\Users\tsne\AppData\Local\Temp
Project directory: C:\Users\tsne\Documents\Ansoft
aphical Mode: No Project??
Starting Batch Run: 9:16:39 PM  Apr 09, 2025
Running as user : DESKTOP-RMS1URL\tsne
Temp directory: C:\Users\tsne\AppData\Local\Temp
Project directory: C:\Users\tsne\Documents\Ansoft
 
Ansys Electronics Desktop Version 2024.2.0, Build: 2024-05-23 02:23:50
Location: C:\Program Files\AnsysEM\v242\Win64\ansysedt.exe
Non Graphical Mode: No Project??
Starting Batch Run: 9:17:16 PM  Apr 09, 2025
Running as user : DESKTOP-RMS1URL\tsne
Temp directory: C:\Users\tsne\AppData\Local\Temp
Project directory: C:\Users\tsne\Documents\Ansoft
 
Ansys Electronics Desktop Version 2024.2.0, Build: 2024-05-23 02:23:50
Location: C:\Program Files\AnsysEM\v242\Win64\ansysedt.exe
Non Graphical Mode: No Project??
Starting Batch Run: 9:38:39 PM  Apr 09, 2025
Running as user : DESKTOP-RMS1URL\tsne
Temp directory: C:\Users\tsne\AppData\Local\Temp
Project directory: C:\Users\tsne\Documents\Ansoft
 
Ansys Electronics Desktop Version 2024.2.0, Build: 2024-05-23 02:23:50
Location: C:\Program Files\AnsysEM\v242\Win64\ansysedt.exe
Non Graphical Mode: No Project??
Starting Batch Run: 9:39:18 PM  Apr 09, 2025
Running as user : DESKTOP-RMS1URL\tsne
Temp directory: C:\Users\tsne\AppData\Local\Temp
Project directory: C:\Users\tsne\Documents\Ansoft
