 
Ansys Electronics Desktop Version 2024.2.0, Build: 2024-05-23 02:10:25
Location: /opt/ohpc/pub/Electronics/v242/Linux64/ansysedt.exe
Non Graphical Mode: No Project??
Starting Batch Run: 2:05:06 AM  Apr 02, 2025
Temp directory: /tmp
Project directory: /home1/harry261/Ansoft
[info] GRPC server running on port: 57035.

Stopping Batch Run: 2:05:26 AM  Apr 02, 2025
e: No Project??
Starting Batch Run: 2:05:09 AM  Apr 02, 2025
Temp directory: /tmp
Project directory: /home1/harry261/Ansoft
[info] GRPC server running on port: 39263.

s/v242/Linux64/ansysedt.exe
Non Graphical Mode: No Project??
Starting Batch Run: 2:05:16 AM  Apr 02, 2025
 
Ansys Electronics Desktop Version 2024.2.0, Build: 2024-05-23 02:10:25
Location: /opt/ohpc/pub/Electronics/v242/Linux64/ansysedt.exe
Non Graphical Mode: No Project??
Starting Batch Run: 2:05:20 AM  Apr 02, 2025
 
Ansys Electronics Desktop Version 2024.2.0, Build: 2024-05-23 02:10:25
Location: /opt/ohpc/pub/Electronics/v242/Linux64/ansysedt.exe
Non Graphical Mode: No Project??
Starting Batch Run: 2:58:18 AM  Apr 02, 2025
Temp directory: /tmp
Project directory: /home1/harry261/Ansoft
[info] GRPC server running on port: 55269.

 
Ansys Electronics Desktop Version 2024.2.0, Build: 2024-05-23 02:10:25
Location: /opt/ohpc/pub/Electronics/v242/Linux64/ansysedt.exe
Non Graphical Mode: No Project??
Starting Batch Run: 2:58:32 AM  Apr 02, 2025
 
Ansys Electronics Desktop Version 2024.2.0, Build: 2024-05-23 02:10:25
Location: /opt/ohpc/pub/Electronics/v242/Linux64/ansysedt.exe
Non Graphical Mode: No Project??
Starting Batch Run: 2:59:17 AM  Apr 02, 2025
Temp directory: /tmp
Project directory: /home1/harry261/Ansoft
[info] GRPC server running on port: 50623.

 
Ansys Electronics Desktop Version 2024.2.0, Build: 2024-05-23 02:10:25
Location: /opt/ohpc/pub/Electronics/v242/Linux64/ansysedt.exe
Non Graphical Mode: No Project??
Starting Batch Run: 3:00:23 AM  Apr 02, 2025
Temp directory: /tmp
Project directory: /home1/harry261/Ansoft
[info] GRPC server running on port: 45301.

[info] Project:p0Copper_1, Design:eddy (Transient), Verify conduction path: Conduction path validate success. (03:00:42 AM  Apr 02, 2025)
[warning] Project:p0Copper_1, Design:eddy (Transient), Com Engine non-responsive since 03:02:42, April 02, 2025. 
 Can be due to CPU intensive processing or network problems. 
 If persisting for long, manually kill the com engine process and restart analysis. Retrying.....  (03:03:42 AM  Apr 02, 2025)
[error] Project:p0Copper_1, Design:eddy (Transient), Normal completion of simulation on server: Local Machine. (03:04:06 AM  Apr 02, 2025)
due to CPU intensive processing or network problems. 
 If persisting for long, manually kill the com engine process and restart analysis. Retrying.....  (03:04:03 AM  Apr 02, 2025)
[error] Project:p1Copper_1, Design:eddy (Transient), Normal completion of simulation on server: Local Machine. (03:04:06 AM  Apr 02, 2025)
due to CPU intensive processing or network problems. 
 If persisting for long, manually kill the com engine process and restart analysis. Retrying.....  (03:03:08 AM  Apr 02, 2025)
[error] Project:p2Copper_1, Design:eddy (Transient), Simulation was aborted by user on server: Local Machine. (03:04:06 AM  Apr 02, 2025)
[warning] Project[info] Project:p0Copper_1, Design:eddy (Transient), Normal completion of simulation on server: Local Machine. (03:13:23 AM  Apr 02, 2025)
[warning] Project:p0Copper_1, Design:eddy (Transient), The variable  'Freq' doesn't have an associated sweep and is excluded from the definition of trace. (03:13:24 AM  Apr 02, 2025)
Stopping Batch Run: 3:13:26 AM  Apr 02, 2025
ct:p1Copper_1, Design:eddy (Transient), The variable  'Freq' doesn't have an associated sweep and is excluded from the definition of trace. (03:13:15 AM  Apr 02, 2025)[info] Project:p2Copper_1, Design:eddy (Transient), Normal completion of simulation on server: Local Machine. (03:13:22 AM  Apr 02, 2025)
[warning] Project:p2Copper_1, Design:eddy (Transient), The variable  'Freq' doesn't have an associated sweep and is excluded from the definition of trace. (03:13:22 AM  Apr 02, 2025)[info] Project:p3Copper_1, Design:eddy (Transient), Normal completion of simulation on server: Local Machine. (03:13:35 AM  Apr 02, 2025)
[warning] Project:p3Copper_1, Design:eddy (Transient), The variable  'Freq' doesn't have an associated sweep and is excluded from the definition of trace. (03:13:36 AM  Apr 02, 2025)[info] Project:p4Copper_1, Design:eddy (Transient), Normal completion of simulation on server: Local Machine. (03:13:47 AM  Apr 02, 2025)
[warning] Project:p4Copper_1, Design:eddy (Transient), The variable  'Freq' doesn't have an associated sweep and is excluded from the definition of trace. (03:13:48 AM  Apr 02, 2025)[info] Project:p5Copper_1, Design:eddy (Transient), Normal completion of simulation on server: Local Machine. (03:13:54 AM  Apr 02, 2025)
[warning] Project:p5Copper_1, Design:eddy (Transient), The variable  'Freq' doesn't have an associated sweep and is excluded from the definition of trace. (03:13:55 AM  Apr 02, 2025)[info] Project:p6Copper_1, Design:eddy (Transient), Normal completion of simulation on server: Local Machine. (03:14:16 AM  Apr 02, 2025)
[warning] Project:p6Copper_1, Design:eddy (Transient), The variable  'Freq' doesn't have an associated sweep and is excluded from the definition of trace. (03:14:17 AM  Apr 02, 2025)[info] Project:p7Copper_1, Design:eddy (Transient), Normal completion of simulation on server: Local Machine. (03:14:22 AM  Apr 02, 2025)
[warning] Project:p7Copper_1, Design:eddy (Transient), The variable  'Freq' doesn't have an associated sweep and is excluded from the definition of trace. (03:14:23 AM  Apr 02, 2025)
Stopping Batch Run: 3:14:28 AM  Apr 02, 2025
ent), Normal completion of simulation on server: Local Machine. (03:07:21 AM  Apr 02, 2025)
[warning] Project:p8Copper_1, Design:eddy (Transient), The variable  'Freq' doesn't have an associated sweep and is excluded from the definition of trace. (03:07:22 AM  Apr 02, 2025)
Stopping Batch Run: 3:07:28 AM  Apr 02, 2025
ver: Local Machine. (03:07:18 AM  Apr 02, 2025)
[warning] Project:p9Copper_1, Design:eddy (Transient), The variable  'Freq' doesn't have an associated sweep and is excluded from the definition of trace. (03:07:19 AM  Apr 02, 2025)
[info] Project:p10Copper_1, Design:eddy (Transient), Normal completion of simulation on server: Local Machine. (03:07:31 AM  Apr 02, 2025)
[warning] Project:p10Copper_1, Design:eddy (Transient), The variable  'Freq' doesn't have an associated sweep and is excluded from the definition of trace. (03:07:32 AM  Apr 02, 202[info] Project:p11Copper_1, Design:eddy (Transient), Normal completion of simulation on server: Local Machine. (03:07:44 AM  Apr 02, 2025)
[warning] Project:p11Copper_1, Design:eddy (Transient), The variable  'Freq' doesn't have an associated sweep and is excluded from the definition of trace. (03:07:45 AM  Apr 02, 202[info] Project:p12Copper_1, Design:eddy (Transient), Normal completion of simulation on server: Local Machine. (03:08:07 AM  Apr 02, 2025)
[warning] Project:p12Copper_1, Design:eddy (Transient), The variable  'Fre[info] Project:p13Copper_1, Design:eddy (Transient), Normal completion of simulation on server: Local Machine. (03:08:21 AM  Apr 02, 2025)
[warning] Project:p13Copper_1, Design:eddy (Transient), The variable  'Freq' doesn't have an associated sweep and is excluded from the definition of trace. (03:08:22 AM  Apr 02, 202[inStopping Batch Run: 3:08:24 AM  Apr 02, 2025
nt), Normal completion of simulation on server: Local Machine. (03:08:24 AM  Apr 02, 2025)
[warning] Project:p14Copper_1, Design:eddy (Transient), The variable  'Freq' doesn't have an associated sweep and is excluded from the definition of trace. (03:08:24 AM  Apr 02, 202[info] Project:p15Copper_1, Design:eddy (Transient), Normal completion of simulation on server: Local Machine. (03:08:46 AM  Apr 02, 2025)
[warning] Project:p15Copper_1, Design:eddy (Transient), The variable  'Freq' doesn't have an associated sweep and is excluded from the definition of trace. (03:08:47 AM  Apr 02, 2025)
Stopping Batch Run: 3:08:49 AM  Apr 02, 2025
nt), Seed Refinement Estimates for body Metal might reach 187061 tets from 164 tets. Predicting a growth of 1140.62 %. (03:06:14 AM  [info] Project[info] Project:p16Copper_1, Design:eddy (Transient), Normal completion of simulation on server: Local Machine. (03:25:01 AM  Apr 02, 2025)
[warning] Project:p16Copper_1, Design:eddy (Transient), The variable  'Freq' doesn't have an associated sweep and is excluded from the definition of trace. (03:25:03 AM  Apr 02, 202[info] Project:p17Copper_1, Design:eddy (Transient), Normal completion of simulation on server: Local Machine. (03:25:11 AM  Apr 02, 2025)
[warning] Project:p17Copper_1, Design:eddy (Transient), The variable  'Freq' doesn't have an associated sweep and is excluded from the definition of trace. (03:25:12 AM  Apr 02, 2025)
Stopping Batch Run: 3:25:14 AM  Apr 02, 2025
nt), Normal completion of simulation on server: Local Machine. (03:25:11 AM  Apr 02, 2025)
[warning] Project:p18Copper_1, Design:eddy (Transient), The variable  'Freq' doesn't have an associated sweep and is excluded from the definition of trace. (03:25:13 AM  Apr 02, 2025)
Stopping Batch Run: 3:25:15 AM  Apr 02, 2025
ent), No FlexNet Publisher (FNP) license found for feature Ansys Electronics Solve Level 2.
            FNP license path: 1055@172.16.10.81:1055@license-server
Licensed number of users already reached.
Feature:       elec_solve_level2
License path:  1055@172.16.10.81:1055@license-server:
FlexNet Licensing error:-4,132
 (03:07:12 AM  Apr 02, 2025)
[error] Project:p20Copper_1, Design:eddy (Transient), Simulation was terminated by license error. (03:07:12 AM  Apr 02, 2025)
[error] Simulation for p20Copper_1 : eddy : MySetupAuto has failed with execution error. 
[warning] Project:p20Copper_1, Design:eddy (Transient), The variable  'Freq' doesn't have an associated sweep and is excluded from the definition of trace. (03:07:13 AM  Apr 02, 2025)
[warning] Project:p20Copper_1, Design:edTemp directory: /tmp
Project directory: /home1/harry261/Ansoft
[info] GRPC server running on port: 50709.

[info] Project:p22Copper_1, Design:eddy (Transient), Verify conduction path: Conduction path validate success. (03:07:35 AM  Apr 02, 2025)
[info] Project:p22Copper_1, Design:eddy (Transient), Seed Refinement Estimates for body Metal might reach 187061 tets from 164 tets. Predicting a growth of 1140.62 %. (03:07:36 AM  Apr 02, 2025)
[info] Project:p22Copper_1, Design:eddy (Transient), Normal completion of simulation on server: Local Machine. (03:26:09 AM  Apr 02, 2025)
[warning] Project:p22Copper_1, Design:eddy (Transient), The variable  'Freq' doesn't have an associated sweep and is excluded from the definition of trace. (03:26:10 AM  Apr 02, 2025)
Stopping Batch Run: 3:26:14 AM  Apr 02, 2025
ent), Verify conduction path: Conduction path validate success. (03:07:45 AM  Apr 02, 2025)
[info] Project:p23Copper_1, Design:eddy (Transient), Seed Refinement Estimates for body Metal might reach 187061 tets from 164 tets. Pred[info] Project:p24Copper_1, Design:eddy (Transient), Verif[info] Project:p23Copper_1, Design:eddy (Transient), Normal completion of simulation on server: Local Machine. (03:26:19 AM  Apr 02, 2025)
[warning] Project:p23Copper_1, Design:eddy (Transient), The variable  'Freq' doesn't have an associated sweep and is excluded from the definition of trace. (03:26:20 AM  Apr 02, 2025)
Stopping Batch Run: 3:26:24 AM  Apr 02, 2025
 trace. (03:11:08 AM  Apr 02, 202[info] Project:p25Copper_1, Design:eddy (Transient), Normal completion of simulation on server: Local Machine. (03:11:26 AM  Apr 02, 2025)
[warning] Project:p25Copper_1, Design:eddy (Transient), The variable  'Freq' doesn't have an associated sweep and is excluded from the definition of trace. (03:11:27 AM  Apr 02, 202[info] Project:p26Copper_1, Design:eddy (Transient), Normal completion of simulation on server: Local Machine. (03:11:42 AM  Apr 02, 2025)
[warning] Project:p26Copper_1, Design:eddy (Transient), The variable  'Freq' doesn't have an associated sweep and is excluded from the definition of trace. (03:11:42 AM  Apr 02, 202[info] Project:p27Copper_1, Design:eddy (Transient), Normal completion of simulation on server: Local Machine. (03:11:44 AM  Apr 02, 2025)
[warning] Project:p27Copper_1, Design:eddy (Transient), The variable  'Freq' doesn't have an associated sweep and is excluded from the definition of trace. (03:11:45 AM  Apr 02, 202[info] Project:p28Copper_1, Design:eddy (Transient), Normal completion of simulation on server: Local Machine. (03:12:10 AM  Apr 02, 2025)
[warning] Project:p28Copper_1, Design:eddy (Transient), The variable  'Freq' doesn't have an associated sweep and is excluded from the definition of trace. (03:12:11 AM  Apr 02, 2025)
Stopping Batch Run: 3:12:12 AM  Apr 02, 2025
h:  1055@172.16.10.81:1055[info] Project:p30Copper_1, Design:eddy (Transient), Verify conduction path: Conduction path validate success. (03:09:09 AM  Apr 02, 2025)
[info] Project:p30Copper_1, Design:eddy (Transient), Normal completion of simulation on server: Local Machine. (03:12:32 AM  Apr 02, 2025)
[warning] Project:p30Copper_1, Design:eddy (Transient), The variable  'Freq' doesn't have an associated sweep and is excluded from the definition of trace. (03:12:32 AM  Apr 02, 2025)
Stopping Batch Run: 3:12:33 AM  Apr 02, 2025
emp directory: /tmp
Project directory: /home1/harry261/Ansoft
[info] GRPC server running on port: 47253.

[error] Project:p31Copper_1, Design:eddy (Transient), No FlexNet Publisher (FNP) license found for feature Ansys Electronics Solve Level 2.
            FNP license path: 1055@172.16.10.81:1055@license-server
Licensed number of users already reached.
Feature:       elec_solve_level2
Temp directory: /tmp
Project directory: /home1/harry261/Ansoft
[info] GRPC server running on port: 49037.

[error] Project:p32Brass_1, Design:eddy (Transient), No FlexNet Publisher (FNP) license found for feature Ansys Electronics Solve Level 2.
            FNP license path: 1055@172.16.10.81:1055@license-server
Licensed number of users already reached.
Feature:       elec_solve_level2
License path:  1055@172.16.10.81:1055@license-server:
FlexNet Licensing error:-4,132
 (03:09:36 AM  Apr 02, 2025)
[error] Project:p32Brass_1, Design:eddy (Transient), Simulation was terminated by license error. (03:09:36 AM  Apr 02, 2025)
[error] Simulation for p32Brass_1 : eddy : MySetupAuto has failed with execution error. 
[warning] Project:p32Brass_1, Design:eddy (Transient), The variable  'Freq' doesn't have an associated sweep and is excluded from the definition of trace. (03:09:37 AM  Apr 02, 2025)
[warning] Project:p32Brass_1, Design:eddy (Transient), Report p32Brass_1_magnet1_10T_Brass_26.00[error] Project:p33Brass_1, Design:eddy (Transient), No FlexNet Publisher (FNP) license found for feature Ansys Electronics Solve Level 2.
            FNP license path: 1055@172.16.10.81:1055@license-server
Licensed number of users already reached.
Feature:       elec_solve_level2
License path:  1055@172.16.10.81:1055@[info] Project:p34Brass_1, Design:eddy (Transient), Verify conduction path: Conduction path validate success. (03:09:58 AM  Apr 02, 2025)
[info] Project:p34Brass_1, Design:eddy (Transient), Normal completion of simulation on server: Local Machine. (03:20:07 AM  Apr 02, 2025)
[warning] Project:p34Brass_1, Design:eddy (Transient), The variable  'Freq' doesn't have an associated sweep and is excluded from the definition of trace. (03:20:08 AM  Apr 02, 2025)[info] Project:p35Brass_1, Design:eddy (Transient), Normal completion of simulation on server: Local Machine. (03:20:16 AM  Apr 02, 2025)
[warning] Project:p35Brass_1, Design:eddy (Transient), The variable  'Freq' doesn't have an associated sweep and is excluded from the definition of trace. (03:20:17 AM  Apr 02, 2025)
Stopping Batch Run: 3:20:20 AM  Apr 02, 2025
:50 AM  Apr 02, 2025
Temp directory: /tmp
Project directory: /home1/harry261/Ansoft
[info] GRPC server running on port: 39879.

[info] Project:p36Brass_1, Design:eddy (Transient), Verify conduction path: Conduction path validate succeTemp directory: /tmp
Project dir[info] Project:p36Brass_1, Design:eddy (Transient), Normal completion of simulation on server: Local Machine. (03:20:19 AM  Apr 02, 2025)
[warning] Project:p36Brass_1, Design:eddy (Transient), The variable  'Freq' doesn't have an associated sweep and is excluded from the definition of trace. (03:20:19 AM  Apr 02, 2025)
Stopping Batch Run: 3:20:23 AM  Apr 02, 2025
ath:  1055@172.16.10.81:1055@[error] Project:p38Brass_1, Design:eddy (Transient), No FlexNet Publisher (FNP) license found for feature Ansys Electronics Solve Level 2.
            FNP license path: 1055@172.16.10.81:1055@license-server
Licensed number of users already reached.
Feature:       elec_solve_level2
License path:  1055@172.16.10.81:1055@[info] Project:p39Brass_1, Design:eddy (Transient), Verify conduction path: Conduction path validate success. (03:10:55 AM  Apr 02, 2025)
[info] Project:p39Brass_1, Design:eddy (Transient), Normal completion of simulation on server: Local Machine. (03:21:02 AM  Apr 02, 2025)
[warning] Project:p39Brass_1, Design:eddy (Transient), The variable  'Freq' doesn't have an associated sweep and is excluded from the definition of trace. (03:21:04 AM  Apr 02, 2025)
Stopping Batch Run: 3:21:09 AM  Apr 02, 2025
esign:eddy (Transient), Report p38Brass_1_magnet1_10T_Brass_42.29cTemp directory: /tmp
Project directory: /home1/harry261/AnsoftStopping Batch Run: 3:10:50 AM  Apr 02, 2025
[info] Project:p40Brass_1, Design:eddy (Transient), Verify conduction path: Conduction path validate success. (03:11:09 AM  Apr 02, 2025)
[info] Project:p40Brass_1, Design:eddy (Transient), Normal completion of simulation on server: Local Machine. (03:13:51 AM  Apr 02, 2025)
[warning] Project:p40Brass_1, Design:eddy (Transient), The variable  'Freq' doesn't have an associated sweep and is excluded from the definition of trace. (03:13:52 AM  Apr 02, 2025)[info] Project:p41Brass_1, Design:eddy (Transient), Normal completion of simulation on server: Local Machine. (03:14:05 AM  Apr 02, 2025)
[warning] Project:p41Brass_1, Design:eddy (Transient), The variable  'Freq' doesn't have an associated sweep and is excluded from the definition of trace. (03:14:06 AM  Apr 02, 2025)[info] Project:p42Brass_1, Design:eddy (Transient), Normal completion of simulation on server: Local Machine. (03:14:17 AM  Apr 02, 2025)
[warning] Project:p42Brass_1, Design:eddy (Transient), The variable  'Freq' doesn't have an associated sweep and is excluded from the definition of trace. (03:14:17 AM  Apr 02, 2025)[info] Project:p43Brass_1, Design:eddy (Transient), Normal completion of simulation on server: Local Machine. (03:14:27 AM  Apr 02, 2025)
[warning] Project:p43Brass_1, Design:eddy (Transient), The variable  'Freq'[info] Project:p44Brass_1, Design:eddy (Transient), Normal completion of simulation on server: Local Machine. (03:14:38 AM  Apr 02, 2025)
[warning] Project:p44Brass_1, Design:eddy (Transient), The variable  'Freq' doesn't have an associated sweep and is excluded from the definition of trace. (03:14:39 AM  Apr 02, 2025)[info] Project:p45Brass_1, Design:eddy (Transient), Normal completion of simulation on server: Local Machine. (03:14:55 AM  Apr 02, 2025)
[warning] Project:p45Brass_1, Design:eddy (Transient), The variable  'Freq' doesn't have an associated sweep and is excluded from the definition of trace. (03:14:56 AM  Apr 02, 2025)
Stopping Batch Run: 3:14:57 AM  Apr 02, 2025
81:1055@license-server
Licens[info] Project:p47Brass_1, Design:eddy (Transient), Verify conduction path: Conduction path validate success. (03:12:38 AM  Apr 02, 2025)
[info] Project:p47Brass_1, Design:eddy (Transient), Normal completion of simulation on server: Local Machine. (03:15:18 AM  Apr 02, 2025)
[warning] Project:p47Brass_1, Design:eddy (Transient), The variable  'Freq' doesn't have an associated sweep and is excluded from the definition of trace. (03:15:18 AM  Apr 02, 2025)
Stopping Batch Run: 3:15:21 AM  Apr 02, 2025
ent), Seed Refinement Estimates for body Metal might reach 187061 tets from 164 tets. Predicting a growth of 1140.62 %. (03:12:52 AM  Apr 02, 2025)
[info] Project:p48Brass_1, Design:eddy (Transient), Normal completion of simulation on server: Local Machine. (03:31:06 AM  Apr 02, 2025)
[warning] Project:p48Brass_1, Design:eddy (Transient), The variable  'Freq' doesn't have an associated sweep and is excluded from the definition of trace. (03:31:07 AM  Apr 02, 2025)
Stopping Batch Run: 3:31:09 AM  Apr 02, 2025
fo] GRPC server running on port: 45711.

[info] Project:p49Brass_1, Design:eddy (Transient), Verify conduction path: Conduction path validate success. (03:12:58 AM  Apr 02, 2025)
[info] Project:p49Brass_1, Design:eddy (Transient), Seed Refinement Estimat[error] Project:p50Brass_1, Design:eddy (Transient), No FlexNet Publisher (FNP) license found for feature Ansys Electro[info] Project:p49Brass_1, Design:eddy (Transient), Normal completion of simulation on server: Local Machine. (03:31:20 AM  Apr 02, 2025)
[warning] Project:p49Brass_1, Design:eddy (Transient), The variable  'Freq' doesn't have an associated sweep and is excluded from the definition of trace. (03:31:20 AM  Apr 02, 2025)
Stopping Batch Run: 3:31:22 AM  Apr 02, 2025
ent), Verify conduction path: Conduction path validate succe[info] Project:p51Brass_1, Design:eddy (Transient), Normal completion of simulation on server: Local Machine. (03:31:40 AM  Apr 02, 2025)
[warning] Project:p51Brass_1, Design:eddy (Transient), The variable  'Freq' doesn't have[info] Project:p52Brass_1, Design:eddy (Transient), Normal completion of simulation on server: Local Machine. (03:31:48 AM  Apr 02, 2025)
[warning] Project:p52Brass_1, Design:eddy (Transient), The variable  'Freq' doesn't have an associated sweep and is excluded from the definition of trace. (03:31:49 AM  Apr 02, 2025)
Stopping Batch Run: 3:31:54 AM  Apr 02, 2025
raphical Mode: No Project??
Starting Batch Run: 3:13:15 AM  Apr 02, 2025
Temp directory: /tmp
Project directory: /home1/harry261/Ansoft
[info] GRPC server running on port: 34263.

[error] Project:p53Brass_1, Design:eddy (Transient), No FlexNet Publisher (FNP) license found for feature Ansys Electronics Solve Level 2.
            FNP license path: 1055@172.16.10.81:1055@license-server
Licens[info] Project:p54Brass_1, Design:eddy (Transient), Verify conduction path: Conduction path validate success. (03:13:57 AM  Apr 02, 2025)
[info] Project:p54Brass_1, Design:eddy (Transient), Seed Refinement Estimat[info] Project:p55Brass_1, Design:eddy (Transient), Verify conduction path: Conduction path validate success. (03:14:12[info] Project:p54Brass_1, Design:eddy (Transient), Normal completion of simulation on server: Local Machine. (03:32:06 AM  Apr 02, 2025)
[warning] Project:p54Brass_1, Design:eddy (Transient), The variable  'Freq'[info] Project:p55Brass_1, Design:eddy (Transient), Normal completion of simulation on server: Local Machine. (03:32:17 AM  Apr 02, 2025)
[warning] Project:p55Brass_1, Design:eddy (Transient), The variable  'Freq' doesn't have an associated sweep and is excluded from the definition of trace. (03:32:18 AM  Apr 02, 2025)
Stopping Batch Run: 3:32:21 AM  Apr 02, 2025
edt.exe
Non Graphical Mode: No Project??
Starting Batch Run: 3:13:50 AM  Apr 02, 2025
Temp directory: /tmp
Project directory: /home1/harry261/Ansoft
[info] GRPC server running on port: 47133.

[info] Project:p56Brass_1, Design:eddy (Transient), Verify conduction path: Conduction path validate success. (03:14:23 AM  Apr 02, 2025)
[info] Project:p56Brass_1, Design:eddy (Transient), Normal completion of simulation on server: Local Machine. (03:17:41 AM  Apr 02, 2025)
[warning] Project:p56Brass_1, Design:eddy (Transient), The variable  'Freq'[info] Project:p57Brass_1, Design:eddy (Transient), Normal completion of simulation on server: Local Machine. (03:17:54 AM  Apr 02, 2025)
[warning] Project:p57Brass_1, Design:eddy (Transient), The variable  'Freq'[info] Project:p58Brass_1, Design:eddy (Transient), Normal completion of simulation on server: Local Machine. (03:18:08 AM  Apr 02, 2025)
[warning] Project:p58Brass_1, Design:eddy (Transient), The variable  'Freq'[info] Project:p59Brass_1, Design:eddy (Transient), Normal completion of simulation on server: Local Machine. (03:18:16 AM  Apr 02, 2025)
[warning] Project:p59Brass_1, Design:eddy (Transient), The variable  'Freq'[info] Project:p60Brass_1, Design:eddy (Transient), Normal completion of simulation on server: Local Machine. (03:18:27 AM  Apr 02, 2025)
[warning] Project:p60Brass_1, Design:eddy (Transient), The variable  'Freq'[info] Project:p61Brass_1, Design:eddy (Transient), Normal completion of simulation on server: Local Machine. (03:18:43 AM  Apr 02, 2025)
[warning] Project:p61Brass_1, Design:eddy (Transient), The variable  'Freq'[info] Project:p62Brass_1, Design:eddy (Transient), Normal completion of simulation on server: Local Machine. (03:18:54 AM  Apr 02, 2025)
[warning] Project:p62Brass_1, Design:eddy (Transient), The variable  'Freq' doesn't have an associated sweep and is excluded from the definition of trace. (03:18:55 AM  Apr 02, 2025)
Stopping Batch Run: 3:18:58 AM  Apr 02, 2025
ath:  1055@172.16.10.81:1055@license-server:
FlexNet Licensing error:-4,132
 (03:15:47 AM  Apr 02, 2025)
[error] Project:p63Brass_1, Design:eddy (Transient), Simulation was terminated by license error. (03:15:47 AM  Apr 02, 2025)
[error] Simulation for p63Brass_1 : eddy : MySetupAuto has failed with execution error. 
[warning] Project:p63Brass_1, Design:eddy (Transient), The variable  'Freq' doesn't have an associated sweep and is excluded from the definition of trace. (03:15:48 AM  Apr 02, 2025)
[warning] Project:p63Brass_1, Design:eddy (Transient), Report p63Brass_1_magnet2_20T_Brass_33.00cm_per_sec has no data for export. (03:15:48 AM  Apr 02, 2025)
Stopping Batch Run: 3:15:51 AM  Apr 02, 2025
 
Ansys Electronics Desktop Version 2024.2.0, Build: 2024-05-23 02:10:25
Location: /opt/ohpc/pub/Electronics/v242/Linux64/ansysedt.exe
Non Graphical Mode: No Project??
Starting Batch Run: 3:50:06 AM  Apr 02, 2025
Temp directory: /tmp
Project directory: /home1/harry261/Ansoft
[info] GRPC server running on port: 60949.

s/v242/Linux64/ansysedt.exe
Non Graphical Mode: No Project??
Starting Batch Run: 3:50:08 AM  Apr 02, 2025
Temp directory: /tmp
Project directory: /home1/harry261/Ansoft
[info] GRPC server running on port: 36341.

s/v242/Linux64/ansysedt.exe
Non Graphical Mode: No Project??
Starting Batch Run: 3:50:08 AM  Apr 02, 2025
Temp directory: /tmp
Project directory: /home1/harry261/Ansoft
[info] GRPC server running on port: 40373.

s/v242/Linux64/ansysedt.exe
Non Graphical Mode: No Project??
Starting Batch Run: 3:50:10 AM  Apr 02, 2025
Temp directory: /tmp
Project directory: /home1/harry261/Ansoft
[info] GRPC server running on port: 40453.

s/v242/Linux64/ansysedt.exe
Non Graphical Mode: No Project??
Starting Batch Run: 3:50:10 AM  Apr 02, 2025
Temp directory: /tmp
Project directory: /home1/harry261/Ansoft
[info] GRPC server running on port: 51573.

s/v242/Linux64/ansysedt.exe
Non Graphical Mode: No Project??
Starting Batch Run: 3:50:15 AM  Apr 02, 2025
Temp directory: /tmp
Project directory: /home1/harry261/Ansoft
[info] GRPC server running on port: 40581.

s/v242/Linux64/ansysedt.exe
Non Graphical Mode: No Project??
Starting Batch Run: 3:50:15 AM  Apr 02, 2025
Temp directory: /tmp
Project directory: /home1/harry261/Ansoft
[info] GRPC server running on port: 51193.

s/v242/Linux64/ansysedt.exe
Non Graphical Mode: No Project??
Starting Batch Run: 3:50:15 AM  Apr 02, 2025
Temp directory: /tmp
Project directory: /home1/harry261/Ansoft
[info] GRPC server running on port: 39229.

s/v242/Linux64/ansysedt.exe
Non Graphical Mode: No Project??
Starting Batch Run: 3:50:16 AM  Apr 02, 2025
Temp directory: /tmp
Project directory: /home1/harry261/Ansoft
[info] GRPC server running on port: 34287.

s/v242/Linux64/ansysedt.exe
Non Graphical Mode: No Project??
Starting Batch Run: 3:50:16 AM  Apr 02, 2025
Temp directory: /tmp
Project directory: /home1/harry261/Ansoft
[info] GRPC server running on port: 42065.

s/v242/Linux64/ansysedt.exe
Non Graphical Mode: No Project??
Starting Batch Run: 3:50:16 AM  Apr 02, 2025
Temp directory: /tmp
Project directory: /home1/harry261/Ansoft
[info] GRPC server running on port: 35557.

s/v242/Linux64/ansysedt.exe
Non Graphical Mode: No Project??
Starting Batch Run: 3:50:18 AM  Apr 02, 2025
Temp directory: /tmp
Project directory: /home1/harry261/Ansoft
[info] GRPC server running on port: 48905.

s/v242/Linux64/ansysedt.exe
Non Graphical Mode: No Project??
Starting Batch Run: 3:50:19 AM  Apr 02, 2025
Temp directory: /tmp
Project directory: /home1/harry261/Ansoft
[info] GRPC server running on port: 56133.

s/v242/Linux64/ansysedt.exe
Non Graphical Mode: No Project??
Starting Batch Run: 3:50:20 AM  Apr 02, 2025
Temp directory: /tmp
Project directory: /home1/harry261/Ansoft
[info] GRPC server running on port: 60529.

s/v242/Linux64/ansysedt.exe
Non Graphical Mode: No Project??
Starting Batch Run: 3:50:20 AM  Apr 02, 2025
Temp directory: /tmp
Project directory: /home1/harry261/Ansoft
[info] GRPC server running on port: 54857.

s/v242/Linux64/ansysedt.exe
Non Graphical Mode: No Project??
Starting Batch Run: 3:50:22 AM  Apr 02, 2025
Temp directory: /tmp
Project directory: /home1/harry261/Ansoft
[info] GRPC server running on port: 47353.

s/v242/Linux64/ansysedt.exe
Non Graphical Mode: No Project??
Starting Batch Run: 3:50:22 AM  Apr 02, 2025
Temp directory: /tmp
Project directory: /home1/harry261/Ansoft
[info] GRPC server running on port: 35713.

 
Ansys Electronics Desktop Version 2024.2.0, Build: 2024-05-23 02:10:25
Location: /opt/ohpc/pub/Electronics/v242/Linux64/ansysedt.exe
Non Graphical Mode: No Project??
Starting Batch Run: 3:51:13 AM  Apr 02, 2025
Temp directory: /tmp
Project directory: /home1/harry261/Ansoft
[info] GRPC server running on port: 34727.

[error] Project:p19Copper_3, Design:eddy (Transient), No FlexNet Publisher (FNP) license found for feature Ansys Electronics Solve Level 2.
            FNP license path: 1055@172.16.10.81:1055@license-server
Licen[error] Project:p20Copper_2, Design:eddy (Transient), No FlexNet Publisher (FNP) license found for feature Ansys Electronics Solve Level 2.
            FNP license path: 1055@172.16.10.81:1055@license-server
Licensed number of users already reached.
Feature:       elec_solve_level2
License path:  1055@172.16.10.81:1055@license-server:
FlexNet Licensing error:-4,132
 (03:51:41 AM  Apr 02, 2025)
[error] Project:p20Copper_2, [error] Project:p29Copper_2, Design:eddy (Transient), No FlexNet Publisher (FNP) license found for feature Ansys Electronics Solve Level 2.
            FNP license path: 1055@172.16.10.81:1055@license-server
Licen[error] Project:p31Copper_2, Design:eddy (Transient), No FlexNet Publisher (FNP) license found for feature Ansys Electronics Solve Level 2.
            FNP license path: 1055@172.16.10.81:1055@license-server
Licensed number of users already reached.
Feature:       elec_solve_level2
License path:  1055@172.16.10.81:105Stopping Batch Run: 3:51:47 AM  Apr 02, 2025
132
 (03:51:44 AM  Apr 02, 2025)
[error] Project:p31Copper_2, Design:eddy (Transient), Simulation was terminated by license error. (03:51:44 AM  Apr 02, 2025)
[error] Simulation for p31Copper_2 : eddy : MySetupAuto has failed with execution error. 
 running on port: 37351.

s/v242/Linux64/ansysedt.exe
Non Graphical Mode: No Project??
Starting Batch Run: 3:51:29 AM  Apr 02, 2025
Temp directory: /tmp
Project directory: /home1/harry261/Ansoft
[info] GRPC server running on port: 60697.

s/v242/Linux64/ansysedt.exe
Non Graphical Mode: No Project??
Starting Batch Run: 3:51:31 AM  Apr 02, 2025
Temp directory: /tmp
Project directory: /home1/harry261/Ansoft
[info] GRPC server running on port: 35731.

s/v242/Linux64/ansysedt.exe
Non Graphical Mode: No Project??
Starting Batch Run: 3:51:33 AM  Apr 02, 2025
Temp directory: /tmp
Project directory: /home1/harry261/Ansoft
[info] GRPC server running on port: 45733.

s/v242/Linux64/ansysedt.exe
Non Graphical Mode: No Project??
Starting Batch Run: 3:51:35 AM  Apr 02, 2025
Temp directory: /tmp
Project directory: /home1/harry261/Ansoft
[info] GRPC server running on port: 52855.

s/v242/Linux64/ansysedt.exe
Non Graphical Mode: No Project??
Starting Batch Run: 3:51:38 AM  Apr 02, 2025
Temp directory: /tmp
Project directory: /home1/harry261/Ansoft
[info] GRPC server running on port: 49055.

s/v242/Linux64/ansysedt.exe
Non Graphical Mode: No Project??
Starting Batch Run: 3:51:40 AM  Apr 02, 2025
Temp directory: /tmp
Project directory: /home1/harry261/Ansoft
[info] GRPC server running on port: 39447.

s/v242/Linux64/ansysedt.exe
Non Graphical Mode: No Project??
Starting Batch Run: 3:51:41 AM  Apr 02, 2025
Temp directory: /tmp
Project directory: /home1/harry261/Ansoft
[info] GRPC server running on port: 42625.

s/v242/Linux64/ansysedt.exe
Non Graphical Mode: No Project??
Starting Batch Run: 3:51:45 AM  Apr 02, 2025
Temp directory: /tmp
Project directory: /home1/harry261/Ansoft
[info] GRPC server running on port: 33943.

s/v242/Linux64/ansysedt.exe
Non Graphical Mode: No Project??
Starting Batch Run: 3:51:46 AM  Apr 02, 2025
Temp directory: /tmp
Project directory: /home1/harry261/Ansoft
[info] GRPC server running on port: 47735.

 
Ansys Electronics Desktop Version 2024.2.0, Build: 2024-05-23 02:10:25
Location: /opt/ohpc/pub/Electronics/v242/Linux64/ansysedt.exe
Non Graphical Mode: No Project??
Starting Batch Run: 3:55:41 AM  Apr 02, 2025
Temp directory: /tmp
Project directory: /home1/harry261/Ansoft
[info] GRPC server running on port: 42397.

[error] Project:p19Copper_4, Design:eddy (Transient), No FlexNet Publisher (FNP) license found for feature Ansys Electronics Solve Level 2.
            FNP license path: 1055@172.16.10.81:1055@license-server
Licen[error] Project:p20Copper_3, Design:eddy (Transient), No FlexNet Publisher (FNP) license found for feature Ansys Electronics Solve Level 2.
            FNP license path: 1055@172.16.10.81:1055@license-server
Licen[error] Project:p21Copper_3, Design:eddy (Transient), No FlexNet Publisher (FNP) license found for feature Ansys Electronics Solve Level 2.
            FNP license path: 1055@172.16.10.81:1055@license-server
Licen[error] Project:p29Copper_3, Design:eddy (Transient), No FlexNet Publisher (FNP) license found for feature Ansys Electronics Solve Level 2.
            FNP license path: 1055@172.16.10.81:1055@license-server
Licen[error] Project:p31Copper_3, Design:eddy (Transient), No FlexNet Publisher (FNP) license found for feature Ansys Electronics Solve Level 2.
            FNP license path: 1055@172.16.10.81:1055@license-server
Licen[error] Project:p32Brass_3, Design:eddy (Transient), No FlexNet Publisher (FNP) license found for feature Ansys Electronics Solve Level 2.
            FNP license path: 1055@172.16.10.81:1055@license-server
Licens[error] Project:p33Brass_3, Design:eddy (Transient), No FlexNet Publisher (FNP) license found for feature Ansys Electronics Solve Level 2.
            FNP license path: 1055@172.16.10.81:1055@license-server
Licens[error] Project:p37Brass_3, Design:eddy (Transient), No FlexNet Publisher (FNP) license found for feature Ansys Electronics Solve Level 2.
            FNP license path: 1055@172.16.10.81:1055@license-server
Licens[error] Project:p38Brass_3, Design:eddy (Transient), No FlexNet Publisher (FNP) license found for feature Ansys Electronics Solve Level 2.
            FNP license path: 1055@172.16.10.81:1055@license-server
Licens[error] Project:p46Brass_2, Design:eddy (Transient), No FlexNet Publisher (FNP) license found for feature Ansys Electronics Solve Level 2.
            FNP license path: 1055@172.16.10.81:1055@license-server
Licens[error] Project:p50Brass_2, Design:eddy (Transient), No FlexNet Publisher (FNP) license found for feature Ansys Electronics Solve Level 2.
            FNP license path: 1055@172.16.10.81:1055@license-server
Licens[error] Project:p51Brass_2, Design:eddy (Transient), No FlexNet Publisher (FNP) license found for feature Ansys Electronics Solve Level 2.
            FNP license path: 1055@172.16.10.81:1055@license-server
Licens[error] Project:p52Brass_2, Design:eddy (Transient), No FlexNet Publisher (FNP) license found for feature Ansys Electronics Solve Level 2.
            FNP license path: 1055@172.16.10.81:1055@license-server
Licens[info] Project:p53Brass_2, Design:eddy (Transient), Verify conduction path: Conduction path validate success. (03:56:30 AM  Apr 02, 2025)
[info] Project:p53Brass_2, Design:eddy (Transient), Seed Refinement Estimat[error] Project:p54Brass_2, Design:eddy (Transient), No FlexNet Publisher (FNP) license found for feature Ansys Electro[warning] Project:p53Brass_2, Design:eddy (Transient), Com Engine non-responsive since 04:00:29, April 02, 2025. 
 Can be due to CPU intensive processing or network problems. 
 If persisting for long, manually kill the com engine process and restart analysis. Retrying.....  (04:01:29 AM  Apr 02, 2025)
[error] Project:p53Brass_2, Design:eddy (Transient), Normal completion of simulation on server: Local Machine. (04:02:05 AM  Apr 02, 2025)
nsing error:-4,132
 (03:56:44 AM  Apr 02, 2025)
[error] Project:p55Brass_2, Design:eddy (Transient), Simulation was terminated by license error. (03:56:44 AM  Apr 02, 2025)
[error] Simulation for p55Brass_2 : eddy : MySetupAuto has failed with execution error. 
[warning] Project:p55Brass_2, Design:eddy (Transient), The variable  'Freq' doesn't have an associated sweep and is excluded from the definition of trace. (03:56:45 AM  Apr 02, 2025)
[warning] Project:p55Brass_2, Design:eddy (Transient), Report p55Brass_2_magnet1_20T_Brass_39.00cm_per_sec has no data for export. (03:56:45 AM  Apr 02, 2025)
Stopping Batch Run: 3:56:49 AM  Apr 02, 2025
2, 2025)
[warning] Project:p63Brass_2, Design:eddy (Transient), Report p63Brass_2_magnet2_20T_Brass_33.00cm_per_sec has no data for export. (03:56:44 AM  Apr 02, 2025)
Stopping Batch Run: 3:56:47 AM  Apr 02, 2025
 
Ansys Electronics Desktop Version 2024.2.0, Build: 2024-05-23 02:10:25
Location: /opt/ohpc/pub/Electronics/v242/Linux64/ansysedt.exe
Non Graphical Mode: No Project??
Starting Batch Run: 4:00:44 AM  Apr 02, 2025
Temp directory: /tmp
Project directory: /home1/harry261/Ansoft
[info] GRPC server running on port: 34037.

[error] Project:p19Copper_5, Design:eddy (Transient), No FlexNet Publisher (FNP) license found for feature Ansys Electronics Solve Level 2.
            FNP license path: 1055@172.16.10.81:1055@license-server
Licen[error] Project:p20Copper_4, Design:eddy (Transient), No FlexNet Publisher (FNP) license found for feature Ansys Electronics Solve Level 2.
            FNP license path: 1055@172.16.10.81:1055@license-server
Licen[error] Project:p21Copper_4, Design:eddy (Transient), No FlexNet Publisher (FNP) license found for feature Ansys Electronics Solve Level 2.
            FNP license path: 1055@172.16.10.81:1055@license-server
Licen[error] Project:p29Copper_4, Design:eddy (Transient), No FlexNet Publisher (FNP) license found for feature Ansys Electronics Solve Level 2.
            FNP license path: 1055@172.16.10.81:1055@license-server
Licen[error] Project:p31Copper_4, Design:eddy (Transient), No FlexNet Publisher (FNP) license found for feature Ansys Electronics Solve Level 2.
            FNP license path: 1055@172.16.10.81:1055@license-server
Licen[error] Project:p32Brass_4, Design:eddy (Transient), No FlexNet Publisher (FNP) license found for feature Ansys Electronics Solve Level 2.
            FNP license path: 1055@172.16.10.81:1055@license-server
Licens[error] Project:p33Brass_4, Design:eddy (Transient), No FlexNet Publisher (FNP) license found for feature Ansys Electronics Solve Level 2.
            FNP license path: 1055@172.16.10.81:1055@license-server
Licens[error] Project:p37Brass_4, Design:eddy (Transient), No FlexNet Publisher (FNP) license found for feature Ansys Electronics Solve Level 2.
            FNP license path: 1055@172.16.10.81:1055@license-server
Licens[error] Project:p38Brass_4, Design:eddy (Transient), No FlexNet Publisher (FNP) license found for feature Ansys Electronics Solve Level 2.
            FNP license path: 1055@172.16.10.81:1055@license-server
Licens[error] Project:p46Brass_3, Design:eddy (Transient), No FlexNet Publisher (FNP) license found for feature Ansys Electronics Solve Level 2.
            FNP license path: 1055@172.16.10.81:1055@license-server
Licens[error] Project:p50Brass_3, Design:eddy (Transient), No FlexNet Publisher (FNP) license found for feature Ansys Electronics Solve Level 2.
            FNP license path: 1055@172.16.10.81:1055@license-server
Licens[error] Project:p53Brass_3, Design:eddy (Transient), No FlexNet Publisher (FNP) license found for feature Ansys Electronics Solve Level 2.
            FNP license path: 1055@172.16.10.81:1055@license-server
Licens[error] Project:p63Brass_3, Design:eddy (Transient), No FlexNet Publisher (FNP) license found for feature Ansys Electronics Solve Level 2.
            FNP license path: 1055@172.16.10.81:1055@license-server
Licensed number of users already reached.
Feature:       elec_solve_level2
License path:  1055@172.16.10.81:1055@license-server:
FlexNet Licensing error:-4,132
 (04:01:29 AM  Apr 02, 2025)
[error] Project:p63Brass_3, Design:eddy (Transient), Simulation was terminated by license error. (04:01:29 AM  Apr 02, 2025)
[erroStopping Batch Run: 4:01:30 AM  Apr 02, 2025
Auto has failed with execution error. 
[warning] Project:p63Brass_3, Design:eddy (Transient), The variable  'Freq' doesn't have an associated sweep and is excluded fromStopping Batch Run: 4:01:32 AM  Apr 02, 2025
2, 2025)
[warning] Project:p63Brass_3, Design:eddy (Transient), Report p63Brass_3_magnet2_20T_Brass_33.00cm_per_sec has no data for export. (04:01:30 AM  Apr 02, 2025)
Stopping Batch Run: 4:01:33 AM  Apr 02, 2025
 
Ansys Electronics Desktop Version 2024.2.0, Build: 2024-05-23 02:10:25
Location: /opt/ohpc/pub/Electronics/v242/Linux64/ansysedt.exe
Non Graphical Mode: No Project??
Starting Batch Run: 4:53:35 PM  Apr 02, 2025
Temp directory: /tmp
Project directory: /home1/harry261/Ansoft
[info] GRPC server running on port: 57881.

[info] Project:p32Brass_5, Design:eddy (Transient), Verify conduction path: Conduction path validate success. (04:54:00 PM  Apr 02, 2025)
[info] Project:p32Brass_5, Design:eddy (Transient), Normal completion of simulation on server: Local Machine. (05:03:30 PM  Apr 02, 2025)
[warning] Project:p32Brass_5, Design:eddy (Transient), The variable  'Freq' doesn't have an associated sweep and is excluded from the definition of trace. (05:03:31 PM  Apr 02, 2025)[info] Project:p33Brass_5, Design:eddy (Transient), Normal completion of simulation on server: Local Machine. (05:03:36 PM  Apr 02, 2025)
[warning] Project:p33Brass_5, Design:eddy (Transient), The variable  'Freq' doesn't have an associated sweep and is excluded from the definition of trace. (05:03:37 PM  Apr 02, 2025)[info] Project:p34Brass_2, Design:eddy (Transient), Normal completion of simulation on server: Local Machine. (05:03:55 PM  Apr 02, 2025)
[warning] Project:p34Brass_2, Design:eddy (Transient), The variable  'Freq' doesn't have an associated sweep and is excluded from the definition of trace. (05:03:57 PM  Apr 02, 2025)[info] Project:p35Brass_2, Design:eddy (Transient), Normal completion of simulation on server: Local Machine. (05:04:12 PM  Apr 02, 2025)
[warning] Project:p35Brass_2, Design:eddy (Transient), The variable  'Freq' doesn't have an associated sweep and is excluded from the definition of trace. (05:04:13 PM  Apr 02, 2025)[Stopping Batch Run: 5:04:19 PM  Apr 02, 2025
ent), Normal completion of simulation on server: Local Machine. (05:04:17 PM  Apr 02, 2025)
[warning] Project:p36Brass_2, Design:eddy (Transient), The variable  'Freq' doesn't have an associated sweep and is excluded from the definition of trace. (05:04:19 PM  Apr 02, 2025)[info] Project:p37Brass_5, Design:eddy (Transient), Normal completion of simulation on server: Local Machine. (05:04:24 PM  Apr 02, 2025)
[warning] Project:p37Brass_5, Design:eddy (Transient), The variable  'Freq' doesn't have an associated sweep and is excluded from the definition of trace. (05:04:25 PM  Apr 02, 2025)[info] Project:p38Brass_5, Design:eddy (Transient), Normal completion of simulation on server: Local Machine. (05:04:55 PM  Apr 02, 2025)
[warning] Project:p38Brass_5, Design:eddy (Transient), The variable  'Freq' doesn't have an associated sweep and is excluded from the definition of trace. (05:04:56 PM  Apr 02, 2025)
Stopping Batch Run: 5:05:00 PM  Apr 02, 2025
ent), Normal completion of simulation on server: Local Machine. (05:04:55 PM  Apr 02, 2025)
[warning] Project:p39Brass_2, Design:eddy (Transient), The variable  'Freq' doesn't have an associated sweep and is excluded from the definition of trace. (05:04:56 PM  Apr 02, 2025)
Stopping Batch Run: 5:04:57 PM  Apr 02, 2025
 
Ansys Electronics Desktop Version 2024.2.0, Build: 2024-05-23 02:10:25
Location: /opt/ohpc/pub/Electronics/v242/Linux64/ansysedt.exe
Non Graphical Mode: No Project??
Starting Batch Run: 5:32:47 PM  Apr 02, 2025
Temp directory: /tmp
Project directory: /home1/harry261/Ansoft
[info] GRPC server running on port: 45323.

 
Ansys Electronics Desktop Version 2024.2.0, Build: 2024-05-23 02:10:25
Location: /opt/ohpc/pub/Electronics/v242/Linux64/ansysedt.exe
Non Graphical Mode: No Project??
Starting Batch Run: 5:32:57 PM  Apr 02, 2025
 
Ansys Electronics Desktop Version 2024.2.0, Build: 2024-05-23 02:10:25
Location: /opt/ohpc/pub/Electronics/v242/Linux64/ansysedt.exe
Non Graphical Mode: No Project??
Starting Batch Run: 5:34:37 PM  Apr 02, 2025
Temp directory: /tmp
Project directory: /home1/harry261/Ansoft
[info] GRPC server running on port: 38997.

[info] Project:p0Brass_2, Design:eddy (Transient), Verify conduction path: Conduction path validate success. (05:35:00 PM  Apr 02, 2025)
[warning] Project:p0Brass_2, Design:eddy (Transient), Com Engine non-responsive since 17:44:00, April 02, 2025. 
 Can be due to CPU intensive processing or network problems. 
 If persisting for long, manually kill the com engine process and restart analysis. Retrying.....  (05:45:00 PM  Apr 02, 2025)
[error] Project:p0Brass_2, Design:eddy (Transient), Normal completion of simulation on server: Local Machine. (05:45:53 PM  Apr 02, 2025)
 due to CPU intensive processing or network problems. 
 If persisting for long, manually kill the com engine process and restart analysis. Retrying.....  (05:45:09 PM  Apr 02, 2025)
[error] Project:p1Brass_1, Design:eddy (Transient), Normal completion of simulation on server: Local Machine. (05:45:53 PM  Apr 02, 2025)
 due to CPU intensive processing or network problems. 
 If persisting for long, manually kill the com engine process and restart analysis. Retrying.....  (05:45:20 PM  Apr 02, 2025)
[error] Project:p2Brass_1, Design:eddy (Transient), Normal completion of simulation on server: Local Machine. (05:45:53 PM  Apr 02, 2025)
 due to CPU intensive processing or network problems. 
 If persisting for long, manually kill the com engine process and restart analysis. Retrying.....  (05:45:29 PM  Apr 02, 2025)
[error] Project:p3Brass_1, Design:eddy (Transient), Normal completion of simulation on server: Local Machine. (05:45:53 PM  Apr 02, 2025)
 due to CPU intensive processing or network problems. 
 If persisting for long, manually kill the com engine process and restart analysis. Retrying.....  (05:45:39 PM  Apr 02, 2025)
[error] Project:p4Brass_1, Design:eddy (Transient), Normal completion of simulation on server: Local Machine. (05:45:53 PM  Apr 02, 2025)
 due to CPU intensive processing or network problems. 
 If persisting for long, manually kill the com engine process and restart analysis. Retrying.....  (05:44:50 PM  Apr 02, 2025)
[error] Project:p5Brass_1, Design:eddy (Transient), Simulation was aborted by user on server: Local Machine. (05:45:47 PM  Apr 02, 2025)
[warning] Project:p5Brass_1, Design:eddy (Transient), Com Engine has responded to the application at 17:45:47, April 02, 2025. (05:45:47 PM  Apr 02, 2025)
[error] The simulation for p[error] Project:p6Brass_1, Design:eddy (Transient), Normal completion of simulation on server: Local Machine. (05:45:53 PM  Apr 02, 2025)
 due to CPU intensive processing or network problems. 
 If persisting for long, manually kill the com engine process and restart analysis. Retrying.....  (05:45:08 PM  Apr 02, 2025)
[error] Project:p7Brass_1, Design:eddy (Transient), Normal completion of simulation on server: Local Machine. (05:45:53 PM  Apr 02, 2025)
 due to CPU intensive processing or network problems. 
 If persisting for long, manually kill the com engine process and restart analysis. Retrying.....  (05:45:20 PM  Apr 02, 2025)
[error] Project:p8Brass_1, Design:eddy (Transient), Normal completion of simulation on server: Local Machine. (05:45:53 PM  Apr 02, 2025)
 due to CPU intensive processing or network problems. 
 If persisting for long, manually kill the com engine process and restart analysis. Retrying.....  (05:45:30 PM  Apr 02, 2025)
[error] Project:p9Brass_1, Design:eddy (Transient), Normal completion of simulation on server: Local Machine. (05:45:53 PM  Apr 02, 2025)
be due to CPU intensive processing or network problems. 
 If persisting for long, manually kill the com engine process and restart analysis. Retrying.....  (05:45:39 PM  Apr 02, 2025)
[error] Project:p10Brass_1, Design:eddy (Transient), Normal completion of simulation on server: Local Machine. (05:45:53 PM  Apr 02, 2025)
due to CPU intensive processing or network problems. 
 If persisting for long, manually kill the com engine process and restart analysis. Retrying.....  (05:45:49 PM  Apr 02, 2025)
[error] Project:p11Brass_1, Design:eddy (Transient), Normal completion of simulation on server: Local Machine. (05:45:53 PM  Apr 02, 2025)
due to CPU intensive processing or network problems. 
 If persisting for long, manually kill the com engine process and restart analysis. Retrying.....  (05:45:01 PM  Apr 02, 2025)
[error] Project:p12Brass_1, Design:eddy (Transient), Normal completion of simulation on server: Local Machine. (05:45:53 PM  Apr 02, 2025)
due to CPU intensive processing or network problems. 
 If persisting for long, manually kill the com engine process and restart analysis. Retrying.....  (05:45:09 PM  Apr 02, 2025)
[error] Project:p13Brass_1, Design:eddy (Transient), Normal completion of simulation on server: Local Machine. (05:45:53 PM  Apr 02, 2025)
 FNP license path
1055@172.16.10.81
1055@license-server
No such feature exists.
Feature
simplorer_desktop
License path
1055@172.16.10.81
1055@license-server
FlexNet Licensing error
-5,147


[error] No FlexNet Publisher (FNP) license found for feature simplorer_desktop.
            FNP license path
1055@172.16.10.81
1055@license-server
No such feature exists.
Feature
simplorer_desktop
License path
1055@172.16.10.81
1055@license-server
FlexNet Licensing error
-5,147


Temp directory: /tmp
Project directory: /home1/harry261/Ansoft
[info] GRPC server running on port: 49581.

[error] No FlexNet Publisher (FNP) license found for feature simplorer_desktop.
            FNP license paTemp directory: /tmp
Project directory: /home1/harry261/Ansoft
[info] GRPC server running on port: 46379.

[error] No FlexNet Publisher (FNP) license found for feature simplorer_desktop.
            FNP license path
1055@172.16.10.81
1055@license-server
No such feature exists.
Feature
simplorer_desktop
License path
1055@172.16.10.81
1055@license-server
FlexNet Licensing error
-5,147


[error] No FlexNet Publisher (FNP) license found for feature simplorer_desktop.
            FNP license path
1055@172.16.10.81
1055@license-server
No such feature exists.
Feature
simplorer_desktop
License path
1055@172.16.10.81
1055@license-server
FlexNet Licensing error
-5,147


Temp directory: /tmp
Project directory: /home1/harry261/Ansoft
[info] GRPC server running on port: 54055.

[error] No FlexNet Publisher (FNP) license found for feature simplorer_desktop.
            FNP license paTemp directory: /tmp
Project directory: /home1/harry261/Ansoft
[info] GRPC server running on port: 54281.

[info] Project:p19Brass_1, Design:eddy (Transient), Verify conduction path: Conduction path validate success. (05:38:23 PM  Apr 02, 2025)
[warning] Project:p19Brass_1, Design:eddy (Transient), Com Engine non-responsive since 17:44:23, April 02, 2025. 
 Can be due to CPU intensive processing or network problems. 
 If persisting for long, manually kill the com engine process and restart analysis. Retrying.....  (05:45:23 PM  Apr 02, 2025)
[error] Project:p19Brass_1, Design:eddy (Transient), Normal completion of simulation on server: Local Machine. (05:45:53 PM  Apr 02, 2025)
 
Ansys Electronics Desktop Version 2024.2.0, Build: 2024-05-23 02:10:25
Location: /opt/ohpc/pub/Electronics/v242/Linux64/ansysedt.exe
Non Graphical Mode: No Project??
Starting Batch Run: 5:55:23 PM  Apr 02, 2025
Temp directory: /tmp
Project directory: /home1/harry261/Ansoft
[info] GRPC server running on port: 56637.

[info] Project:p0Brass_3, Design:eddy (Transient), Verify conduction path: Conduction path validate success. (05:55:45 PM  Apr 02, 2025)
[warning] Project:p0Brass_3, Design:eddy (Transient), Com Engine non-responsive since 18:08:45, April 02, 2025. 
 Can be due to CPU intensive processing or network problems. 
 If persisting for long, manually kill the com engine process and restart analysis. Retrying.....  (06:09:45 PM  Apr 02, 2025)
[error] Project:p0Brass_3, Design:eddy (Transient), Simulation was aborted by user on server: Local Machine. (06:10:42 PM  Apr 02, 2025)
[warning] Project:p0Brass_3, Design:eddy (Transient), Com Engine has responded to the application at 18:10:42, April 02, 2025. (06:10:42 PM  Apr 02, 2025)
[error] The simulation for p[error] Project:p1Brass_2, Design:eddy (Transient), Normal completion of simulation on server: Local Machine. (06:10:48 PM  Apr 02, 2025)
 due to CPU intensive processing or network problems. 
 If persisting for long, manually kill the com engine process and restart analysis. Retrying.....  (06:10:10 PM  Apr 02, 2025)
[error] Project:p2Brass_2, Design:eddy (Transient), Normal completion of simulation on server: Local Machine. (06:10:48 PM  Apr 02, 2025)
 due to CPU intensive processing or network problems. 
 If persisting for long, manually kill the com engine process and restart analysis. Retrying.....  (06:10:16 PM  Apr 02, 2025)
[error] Project:p3Brass_2, Design:eddy (Transient), Normal completion of simulation on server: Local Machine. (06:10:48 PM  Apr 02, 2025)
 due to CPU intensive processing or network problems. 
 If persisting for long, manually kill the com engine process and restart analysis. Retrying.....  (06:10:25 PM  Apr 02, 2025)
[error] Project:p4Brass_2, Design:eddy (Transient), Normal completion of simulation on server: Local Machine. (06:10:48 PM  Apr 02, 2025)
 due to CPU intensive processing or network problems. 
 If persisting for long, manually kill the com engine process and restart analysis. Retrying.....  (06:10:35 PM  Apr 02, 2025)
[error] Project:p5Brass_2, Design:eddy (Transient), Normal completion of simulation on server: Local Machine. (06:10:48 PM  Apr 02, 2025)
 due to CPU intensive processing or network problems. 
 If persisting for long, manually kill the com engine process and restart analysis. Retrying.....  (06:10:45 PM  Apr 02, 2025)
[error] Project:p6Brass_2, Design:eddy (Transient), Normal completion of simulation on server: Local Machine. (06:10:48 PM  Apr 02, 2025)
 due to CPU intensive processing or network problems. 
 If persisting for long, manually kill the com engine process and restart analysis. Retrying.....  (06:09:54 PM  Apr 02, 2025)
[error] Project:p7Brass_2, Design:eddy (Transient), Normal completion of simulation on server: Local Machine. (06:10:48 PM  Apr 02, 2025)
 due to CPU intensive processing or network problems. 
 If persisting for long, manually kill the com engine process and restart analysis. Retrying.....  (06:10:14 PM  Apr 02, 2025)
[error] Project:p8Brass_2, Design:eddy (Transient), Normal completion of simulation on server: Local Machine. (06:10:48 PM  Apr 02, 2025)
 due to CPU intensive processing or network problems. 
 If persisting for long, manually kill the com engine process and restart analysis. Retrying.....  (06:10:17 PM  Apr 02, 2025)
[error] Project:p9Brass_2, Design:eddy (Transient), Normal completion of simulation on server: Local Machine. (06:10:48 PM  Apr 02, 2025)
be due to CPU intensive processing or network problems. 
 If persisting for long, manually kill the com engine process and restart analysis. Retrying.....  (06:10:28 PM  Apr 02, 2025)
[error] Project:p10Brass_2, Design:eddy (Transient), Normal completion of simulation on server: Local Machine. (06:10:48 PM  Apr 02, 2025)
due to CPU intensive processing or network problems. 
 If persisting for long, manually kill the com engine process and restart analysis. Retrying.....  (06:10:43 PM  Apr 02, 2025)
[error] Project:p11Brass_2, Design:eddy (Transient), Normal completion of simulation on server: Local Machine. (06:10:48 PM  Apr 02, 2025)
due to CPU intensive processing or network problems. 
 If persisting for long, manually kill the com engine process and restart analysis. Retrying.....  (06:09:56 PM  Apr 02, 2025)
[error] Project:p12Brass_2, Design:eddy (Transient), Normal completion of simulation on server: Local Machine. (06:10:48 PM  Apr 02, 2025)
 process and restart analysis. Retrying.....  (06:09:55 PM  Apr 02, 2025)
[error] Project:p13Brass_2, Design:eddy (Transient), Normal completion of simulation on server: Local Machine. (06:10:48 PM  Apr 02, 2025)
due to CPU intensive processing or network problems. 
 If persisting for long, manually kill the com engine process and restart analysis. Retrying.....  (06:10:07 PM  Apr 02, 2025)
[error] Project:p14Brass_1, Design:eddy (Transient), Normal completion of simulation on server: Local Machine. (06:10:48 PM  Apr 02, 2025)
due to CPU intensive processing or network problems. 
 If persisting for long, manually kil[warning] Project:p16Brass_1, Design:eddy (Transient), Com Engine non-responsive since 18:[error] Project:p15Brass_1, Design:eddy (Transient), Normal completion of simulation on server: Local Machine. (06:10:48 PM  Apr 02, 2025)
 process and restart analysis. Retrying.....  (06:10:33 PM  Apr 02, 2025)
[error] Project:p16Brass_1, Design:eddy (Transient), Normal completion of simulation on server: Local Machine. (06:10:48 PM  Apr 02, 2025)
 No Project??
Starting Batch Run: 5:58:35 PM  Apr 02, 2025
Temp directory: /tmp
Project directory: /home1/harry261/Ansoft
[info] GRPC server running on port: 40159.

 
Ansys Electronics Desktop Version 2024.2.0, Build: 2024-05-23 02:10:25
Location: /opt/ohpc/pub/Electronics/v242/Linux64/ansysedt.exe
Non Graphical Mode: No Project??
Starting Batch Run: 6:02:06 PM  Apr 02, 2025
Temp directory: /tmp
Project directory: /home1/harry261/Ansoft
[info] GRPC server running on port: 47381.

[info] Project:p0Brass_4, Design:eddy (Transient), Verify conduction path: Conduction path validate success. (06:02:37 PM  Apr 02, 2025)
[warning] Project:p0Brass_4, Design:eddy (Transient), Com Engine non-responsive since 18:09:37, April 02, 2025. 
 Can be due to CPU intensive processing or network problems. 
 If persisting for long, manually kill[warning] Project:p1Brass_3, Design:eddy (Transient), Com Engine non-responsive since 18:[error] Project:p0Brass_4, Design:eddy (Transient), Normal completion of simulation on server: Local Machine. (06:10:48 PM  Apr 02, 2025)
e process and restart analysis. Retrying.....  (06:10:45 PM  Apr 02, 2025)
[error] Project:p1Brass_3, Design:eddy (Transient), Normal completion of simulation on server: Local Machine. (06:10:48 PM  Apr 02, 2025)
ect:p3Brass_3, Design:eddy (Transient), Com Engine non-responsive since 18:[error] Project:p2Brass_3, Design:eddy (Transient), Normal completion of simulation on server: Local Machine. (06:10:48 PM  Apr 02, 2025)
ect:p4Brass_3, Design:eddy (Transient), Com Engine non-responsive since 18:[error] Project:p3Brass_3, Design:eddy (Transient), Normal completion of simulation on server: Local Machine. (06:10:48 PM  Apr 02, 2025)
ect:p5Brass_3, Design:eddy (Transient), Com Engine non-responsive since 18:[error] Project:p4Brass_3, Design:eddy (Transient), Normal completion of simulation on server: Local Machine. (06:10:50 PM  Apr 02, 2025)
ect:p6Brass_3, Design:eddy (Transient), Com Engine non-responsive since 18:[error] Project:p5Brass_3, Design:eddy (Transient), Normal completion of simulation on server: Local Machine. (06:10:49 PM  Apr 02, 2025)
ect:p7Brass_3, Design:eddy (Transient), Com Engine non-responsive since 18:[error] Project:p6Brass_3, Design:eddy (Transient), Normal completion of simulation on server: Local Machine. (06:10:48 PM  Apr 02, 2025)
e process and restart analysis. Retrying.....  (06:10:46 PM  Apr 02, 2025)
[error] Project:p7Brass_3, Design:eddy (Transient), Normal completion of simulation on server: Local Machine. (06:10:48 PM  Apr 02, 2025)
e process and restart analysis. Retrying.....  (06:09:56 PM  Apr 02, 2025)
[error] Project:p8Brass_3, Design:eddy (Transient), Normal completion of simulation on server: Local Machine. (06:10:48 PM  Apr 02, 2025)
 such feature exists.
Feature
simplorer_desktop
License path
1055@172.16.10.81
1055@license-server
FlexNet Licensing error
-5,147


[error] No FlexNet Publisher (FNP) license found for feature simplorer_desktop.
            FNP license path
1055@172.16.10.81
1055@license-server
No such feature exists.
Feature
simplorer_desktop
License path
1055@172.16.10.81
1055@license-server
FlexNet Licensing error
-5,147


Temp directory: /tmp
Project directory: /home1/harry261/Ansoft
[info] GRPC server running on port: 57081.

[error] No FlexNet Publisher (FNP) license found for feature simplorer_desktop.
            FNP license paTemp directory: /tmp
Project directory: /home1/harry261/Ansoft
[info] GRPC server running on port: 58741.

[info] Project:p12Brass_3, Design:eddy (Transient), Verify conduction path: Conduction path validate success. (06:04:36 PM  Apr 02, 2025)
[warning] Project:p12Brass_3, Design:eddy (Transient), Com Engine non-responsive since 18:09:36, April 02, 2025. 
 Can be due to CPU intensive processing or network problems. 
 If persisting for long, manually kill the com engine process and restart analysis. Retrying.....  (06:10:36 PM  Apr 02, 2025)
[error] Project:p12Brass_3, Design:eddy (Transient), Normal completion of simulation on server: Local Machine. (06:10:48 PM  Apr 02, 2025)
Temp directory: /tmp
Project directory: /home1/harry261/Ansoft
[info] GRPC server running on port: 51023.

[info] Project:p14Brass_2, Design:eddy (Transient), Verify conduction path: Conduction path validate success. (06:04:59 PM  Apr 02, 2025)
[warning] Project:p14Brass_2, Design:eddy (Transient), Com Engine non-responsive since 18:08:58, April 02, 2025. 
 Can be due to CPU intensive processing or network problems. 
 If persisting for long, manually kill the com engine process and restart analysis. Retrying.....  (06:09:58 PM  Apr 02, 2025)
[error] Project:p14Brass_2, Design:eddy (Transient), Normal completion of simulation on server: Local Machine. (06:10:48 PM  Apr 02, 2025)
t:p16Brass_2, Design:eddy (Transient), Com Engine non-responsive since 18:09:18, April 02, 2025. 
 Can be due to CPU intensive processing or network problems. 
 If persisting for long, manually kill the com engine process and restart analysis. Retrying.....  (06:10:19 PM  Apr 02, 2025)
[error] Project:p16Brass_2, Design:eddy (Transient), Normal completion of simulation on server: Local Machine. (06:10:48 PM  Apr 02, 2025)
Temp directory: /tmp
Project directory: /home1/harry261/Ansoft
[info] GRPC server running on port: 58753.

[info] Project:p17Brass_2, Design:eddy (Transient), Verify conduction path: Conduction path validate success. (06:05:30 PM  Apr 02, 2025)
[warning] Project:p17Brass_2, Design:eddy (Transient), Com Engine non-responsive since 18:09:29, April 02, 2025. 
 Can be due to CPU intensive processing or network problems. 
 If persisting for long, manually kill the com engine process and restart analysis. Retrying.....  (06:10:29 PM  Apr 02, 2025)
[error] Project:p17Brass_2, Design:eddy (Transient), Normal completion of simulation on server: Local Machine. (06:10:48 PM  Apr 02, 2025)
ch feature exists.
Feature
simplorer_desktop
License path
1055@172.16.10.81
1055@license-server
FlexNet Licensing error
-5,147


[error] No FlexNet Publisher (FNP) license found for feature simplorer_desktop.
            FNP license path
1055@172.16.10.81
1055@license-server
No such feature exists.
Feature
simplorer_desktop
License path
1055@172.16.10.81
1055@license-server
FlexNet Licensing error
-5,147


 
Ansys Electronics Desktop Version 2024.2.0, Build: 2024-05-23 02:10:25
Location: /opt/ohpc/pub/Electronics/v242/Linux64/ansysedt.exe
Non Graphical Mode: No Project??
Starting Batch Run: 9:51:28 PM  Apr 02, 2025
 
Ansys Electronics Desktop Version 2024.2.0, Build: 2024-05-23 02:10:25
Location: /opt/ohpc/pub/Electronics/v242/Linux64/ansysedt.exe
Non Graphical Mode: No Project??
Starting Batch Run: 9:58:33 PM  Apr 02, 2025
Temp directory: /tmp
Project directory: /home1/harry261/Ansoft
[info] GRPC server running on port: 32957.

[info] Project:pp32Brass_2, Design:eddy (Transient), Verify conduction path: Conduction path validate success. (09:58:55 PM  Apr 02, 2025)
[error] Project:pp32Brass_2, Design:eddy (Transient), Failed to copy local file /tmp/maxwell_gate1.hpc_3896621.pjt/out1.pjt/out1.pnt to file /home1/harry261/Documents/Projects/HW3/aedtProjects/pp32Brass_2/pp32Brass_2.aedtresults/eddy.results/DV35_S9_V15.cmesh42/current.pnt. Error: No such file or directory. (10:05:17 P[error] Project:pp33Brass_2, Design:eddy (Transient), Failed to copy local file /tmp/maxwell_gate1.hpc_3897747.pjt/out1.pjt/out1.lin to file /home1/harry261/Documents/Projects/HW3/aedtProjects/pp33Brass_2/pp33Brass_2.aedtresults/eddy.results/DV35_S9_V15.cmesh42/current.lin. Error: No such file or directory. (10:05:18 P[error] Project:pp34Brass_2, Design:eddy (Transient), Failed to copy local file /tmp/maxwell_gate1.hpc_3899342.pjt/out0.pjt//out0.elo to file /home1/harry261/Documents/Projects/HW3/aedtProjects/pp34Brass_2/pp34Brass_2.aedtresults/eddy.results/DV35_SOL10_V27.Field41/fields.elo. Error: No such file or directory. (10:05:19 PM  Apr 02, 2025)
[error] Project:pp34Brass_2, Design:eddy (Transient), Failed to copy local file /tmp/maxwell_gate1.hpc_3899342.pjt/out1.pjt/out1.fac to file /home1/harry261/Documents/Projects/HW3/aedtProjects/pp34Brass_2/pp34Brass_2.aedtresults/eddy.results/DV35_S9_V15.cmesh42/current.fac. Error: No such file or directory. (10:05:19 PM  Apr 02, 2025)
[error] Project:pp34Brass_2, Design:eddy (Transient), Unable to save current mesh data for simulation: MySetupAuto (10:05:19 PM  Apr 02, 2025)
[error] Project:pp34Brass_2, Design:eddy (Transient), Failed to copy local file /tmp/maxwell_gate1.hpc_3899342.pjt/restart_out1.pjt/setup to file /home1/harry261/Documents/Projects/HW3/aedtProjects/pp34Brass_2/pp34Brass_2.aedtresults/eddy.results/DV35_SOL10_V28.Data/setup. Error: No such file or directory. (10:05:19 PM  Apr 02, 2025)
[error] Project:pp34Brass_2, Design:eddy (Transient), Failed to copy local file /tmp/maxwell_gate1.hpc_3899342.pjt/out1.pjt/[error] Project:pp38Brass_2, Design:eddy (Transient), Failed to copy local file /tmp/maxwell_gate1.hpc_3904782.pjt/out0.pjt/out0.lin to file /home1/harry261/Documents/Projects/HW3/aedtProjects/pp38Brass_2/pp38Brass_2.aedtresults/eddy.results/DV35_S9_V15.cmesh40/current.lin. Error: No such file or directory. (10:05:19 P[error] Project:pp39Brass_2, Design:eddy (Transient), Failed to copy local file /tmp/maxwell_gate1.hpc_3906046.pjt/out0.pjt/out0.pnt to file /home1/harry261/Documents/Projects/HW3/aedtProjects/pp39Brass_2/pp39Brass_2.aedtresults/eddy.results/DV35_S9_V15.cmesh40/current.pnt. Error: No such file or directory. (10:05:19 PM[error] Project:pp40Brass_2, Design:eddy (Transient), Failed to copy local file /tmp/maxwell_gate1.hpc_3908003.pjt/out3.pjt/out3.fac to file /home1/harry261/Documents/Projects/HW3/aedtProjects/pp40Brass_2/pp40Brass_2.aedtresults/eddy.results/DV35_S9_V15.cmesh46/current.fac. Error: No such file or directory. (10:05:20 PM[error] Project:pp41Brass_2, Design:eddy (Transient), Failed to copy local file /tmp/maxwell_gate1.hpc_3909500.pjt/out3.pjt/out3.fac to file /home1/harry261/Documents/Projects/HW3/aedtProjects/pp41Brass_2/pp41Brass_2.aedtresults/eddy.results/DV35_S9_V15.cmesh46/current.fac. Error: No such file or directory. (10:05:20 PM  Apr 02, 2025)
[error] Project:pp41Brass_2, Design:eddy (Transient), Unable to save current mesh data for simulation: MySetupAuto (10:05:20 PM  Apr 02, 2025)
[error] Project:pp41Brass_2, Design:eddy (Transient), Failed to copy local file /tmp/maxwell_gate1.hpc_3909500.pjt/restart_out3.pjt/setup to file /home1/harry261/Documents/Projects/HW3/aedtProjects/pp41Brass_2/pp41Brass_2.aedtresults/eddy.results/DV35_SOL10_V28.Data/setup. Error: No such file or directory. (10:05:20 PM  Apr 02, 2025)
[error] Project:pp41Brass_2, Design:eddy (Transient), Failed to copy local file /tmp/maxwell_gate1.hpc_3909500.pjt/out3.pjt//out3.hdr to file /home1/harry261/Documents/Projects/HW3/aedtProjects/pp41Brass_2/pp41Brass_2.aedtresults/eddy.results/DV35_SOL10_V27.Field47/fields.hdr. Error: No such file or directory. (10:05:20 PM  Apr 02, 2025)
[error] Project:pp41Brass_2, Design:eddy (Transient), Failed to copy local file /tmp/maxwell_gate1.hpc_3909500.pjt/out4.pjt/out4.fac to file /home1/harry261/Documents/Projects/HW3/aedtProjects/pp41Brass_2/pp41Brass_2.aedtresults/eddy.results/DV35_S9_V15.cmesh48/current.fac. Error: No such file or directory. (10:05:20 PM  Apr 02, 2025)
[error] Project:pp41Brass_2, Design:eddy (Transient), Unable to save current mesh data for simulation: MySetupAuto (10:05:20 PM  Apr 02, 2025)
[error] Project:pp41Brass_2, Design:eddy (Transient), Failed to copy local file /tmp/maxwell_gate1.hpc_3909500.pjt/restart_out4.pjt/setup to file /home1/harry261/Documents/Projects/HW3/aedtProjects/pp41Brass_2/pp41Brass_2.aedtresults/eddy.results/DV35_SOL10_V28.Data/setup. Error: No such file or directory. (10:05:20 PM  Apr 02, 2025)
[error] Project:pp41Brass_2, Design:eddy (Transient), Failed to copy local file /tmp/maxwell_gate1.hpc_3909500.pjt/out4.pjt//out4.hdr to file /home1/harry261/Documents/Projects/HW3/aedtProjects/pp41Brass_2/pp41Brass_2.aedtresults/eddy.results/DV35_SOL10_V27.Field49/fields.hdr. Error: No such file or directory. (10:05:20 PM  Apr 02, 2025)
[error] Project:pp41Brass_2, Design:eddy (Transient), Failed to copy local file /tmp/maxwell_gate1.hpc_3909500.pjt/out5.pjt/out5.fac to file /home1/harry261/Documents/Projects/HW3/aedtProjects/pp41Brass_2/pp41Brass_2.aedtresults/eddy.results/DV35_S9_V15.cmesh50/current.fac. Error: No such file or directory. (10:05:21 PM  Apr 02, 2025)
[error] Project:pp41Brass_2, Design:eddy (Transient), Unable to save current mesh data for simulation: MySetupAuto (10:05:21 PM  Apr 02, 2025)
[error] Project:pp41Brass_2, Desig[error] Project:pp39Brass_2, Design:eddy (Transient), Failed to copy local file /tmp/maxwell_gate1.hpc_3906046.pjt/out3.pjt/out3.fac to file /home1/harry261/Documents/Projects/HW3/aedtProjects/pp39Brass_2/pp39Brass_2.aedtresults/eddy.results/DV35_S9_V15.cmesh46/current.fac. Error: No such file or directory. (10:05:53 PM  Apr 02, 2025)
[error] Project:pp39Brass_2, Design:eddy (Transient), Unable to save current mesh data for simulation: MySetupAuto (10:05:53 PM  Apr 02, 2025)
[error] Project:pp39Brass_2, Design:eddy (Transient), Failed to copy local file /tmp/maxwell_gate1.hpc_3906046.pjt/restart_out3.pjt/setup to file /home1/harry261/Documents/Projects/HW3/aedtProjects/pp39Brass_2/pp39Brass_2.aedtresults/eddy.results/DV35_SOL10_V28.Data/setup. Error: No such file or directory. (10:05:53 PM  Apr 02, 2025)
[error] Project:pp39Brass_2, Design:eddy (Transient), Failed to copy local file /tmp/maxwell_gate1.hpc_3906046.pjt/out3.pjt//out3.hdr to file /home1/harry261/Documents/Projects/HW3/aedtProjects/pp39Brass_2/pp39Brass_2.aedtresults/eddy.results/DV35_SOL10_V27.Field47/fields.hdr. Error: No such file or directory. (10:05:53 PM  Apr 02, 2025)
[error] Project:pp39Brass_2, Design:eddy (Transient), Failed to copy local file /tmp/maxwell_gate1.hpc_3906046.pjt/out4.pjt/out4.fac to file /home1/harry261/Documents/Projects/HW3/aedtProjects/pp39Brass_2/pp39Brass_2.aedtresults/eddy.results/DV35_S9_V15.cmesh48/current.fac. Error: No such file or directory. (10:06:41 PM  Apr 02, 2025)
[error] Project:pp39Brass_2, Design:eddy (Transient), Unable to save current mesh data for simulation: MySetupAuto (10:06:41 PM  Apr 02, 2025)
[error] Project:pp39Brass_2, Design:eddy (Transient), Failed to copy local file /tmp/maxwell_gate1.hpc_3906046.pjt/restart_out4.pjt/setup to file /home1/harry261/Documents/Projects/HW3/aedtProjects/pp39Brass_2/pp39Brass_2.aedtresults/eddy.results/DV35_SOL10_V28.Data/setup. Error: No such file or directory. (10:06:41 PM  Apr 02, 2025)
[error] Project:pp39Brass_2, Design:eddy (Transient), Failed to copy local file /tmp/maxwell_gate1.hpc_3906046.pjt/out4.pjt//out4.hdr to file /home1/harry261/Documents/Projects/HW3/aedtProjects/pp39Brass_2/pp39Brass_2.aedtresults/eddy.results/DV35_SOL10_V27.Field49/fields.hdr. Error: No such file or directory. (10:06:41 PM  Apr 02, 2025)
[error] Project:pp39Brass_2, Design:eddy (Transient), Failed to copy local file /tmp/maxwell_gate1.hpc_3906046.pjt/out5.pjt/out5.fac to file /home1/harry261/Documents/Projects/HW3/aedtProjects/pp39Brass_2/pp39Brass_2.aedtresults/eddy.results/DV35_S9_V15.cmesh50/current.fac. Error: No such file or directory. (10:07:30 PM  Apr 02, 2025)
[error] Project:pp39Brass_2, Design:eddy (Transient), Unable to save current mesh data for simulation: MySetupAuto (10:07:30 PM  Apr 02, 2025)
[error] Project:pp39Brass_2, Design:eddy (Transient), Failed to copy local file /tmp/maxwell_gate1.hpc_3906046.pjt/restart_out5.pjt/setup to file /home1/harry261/Documents/Projects/HW3/aedtProjects/pp39Brass_2/pp39Brass_2.aedtresults/eddy.results/DV35_SOL10_V28.Data/setup. Error: No such file or directory. (10:07:30 PM  Apr 02, 2025)
[error] Project:pp39Brass_2, Design:eddy (Transient), Failed to copy local file /tmp/maxwell_gate1.hpc_3906046.pjt/out5.pjt//out5.hdr to file /home1/harry261/Documents/Projects/HW3/aedtProjects/pp39Brass_2/pp39Brass_2.aedtresults/eddy.results/DV35_SOL10_V27.Field51/fields.hdr. Error: No such file or directory. (10:07:30 PM  Apr 02, 2025)
[error] Project:pp39Brass_2, Design:eddy (Transient), Failed to copy local file /tmp/maxwell_gate1.hpc_3906046.pjt/out6.pjt/out6.fac to file /home1/harry261/Documents/Projects/HW3/aedtProjects/pp39Brass_2/pp39Brass_2.aedtresults/eddy.results/DV35_S9_V15.cmesh52/current.fac. Error: No such file or directory. (10:08:19 PM  Apr 02, 2025)
[error] Project:pp39Brass_2, Design:eddy (Transient), Unable to save current mesh data for simulation: MySetupAuto (10:08:19 PM  Apr 02, 2025)
[error] Project:pp39Brass_2, Design:eddy (Transient), Failed to copy local file /tmp/maxwell_gate1.hpc_3906046.pjt/restart_out6.pjt/setup to file /home1/harry261/Documents/Projects/HW3/aedtProjects/pp39Brass_2/pp39Brass_2.aedtresults/eddy.results/DV35_SOL10_V28.Data/setup. Error: No such file or directory. (10:08:19 PM  Apr 02, 2025)
[error] Project:pp39Brass_2, Design:eddy (Transient), Failed to copy [info] Project:pp63Brass_2, Design:eddy (Transient), Verify conduction path: Conduction path validate success. (05:13:56 PM  Apr 03, 2025)
[info] Project:pp63Brass_2, Design:eddy (Transient), Normal completion of simulation on server: Local Machine. (05:18:04 PM  Apr 03, 2025)
[warning] Project:pp63Brass_2, Design:eddy (Transient), The variable  'Freq' doesn't have an associated sweep and is excluded from the definition of trace. (05:18:06 PM  Apr 03, 2025)
Stopping Batch Run: 5:18:07 PM  Apr 03, 2025
 Project:pp62Brass_2, Design:eddy (Transient), The variable  'Freq' doesn't have an associated sweep and is excluded from the definition of trace. (05:18:04 PM  Apr 03, 2025)
Stopping Batch Run: 5:18:05 PM  Apr 03, 2025
09:09 PM  Apr 02, 2025)
[error] Project:pp39Brass_2, Design:eddy (Transient), Failed to copy local file /tmp/maxwell_gate1.hpc_3906046.pjt/restart_out7.pjt/setup to file /home1/harry261/Documents/Projects/HW3/aedtProjects/pp39Brass_2/pp39Brass_2.aedtresults/eddy.results/DV35_SOL10_V28.Data/setup. Error: No such file or directory. (10:09:09 PM  Apr 02, 2025)
[error] Project:pp39Brass_2, Design:eddy (Transient), Failed to copy local file /tmp/maxwell_gate1.hpc_3906046.pjt/out7.pjt//out7.hdr to file /home1/harry261/Documents/Projects/HW3/aedtProjects/pp39Brass_2/pp39Brass_2.aedtresults/eddy.results/DV35_SOL10_V27.Field55/fields.hdr. Error: No such file or directory. (10:09:09 PM  Apr 02, 2025)
[error] Project:pp39Brass_2, Design:eddy (Transient), Failed to copy local file /tmp/maxwell_gate1.hpc_3906046.pjt/out8.pjt/out8.fac to file /home1/harry261/Documents/Projects/HW3/aedtProjects/pp39Brass_2/pp39Brass_2.aedtresults/eddy.results/DV35_S9_V15.cmesh56/current.fac. Error: No such file or directory. (10:09:59 PM  Apr 02, 2025)
[error] Project:pp39Brass_2, Design:eddy (Transient), Unable to save current mesh data for simulation: MySetupAuto (10:09:59 PM  Apr 02, 2025)
[error] Project:pp39Brass_2, Design:eddy (Transient), Failed to copy local file /tmp/maxwell_gate1.hpc_3906046.pjt/restart_out8.pjt/setup to file /home1/harry261/Documents/Projects/HW3/aedtProjects/pp39Brass_2/pp39Brass_2.aedtresults/eddy.results/DV35_SOL10_V28.Data/setup. Error: No such file or directory. (10:09:59 PM  Apr 02, 2025)
[error] Project:pp39Brass_2, Design:eddy (Transient), Failed to copy local file /tmp/maxwell_gate1.hpc_3906046.pjt/out8.pjt//out8.hdr to file /home1/harry261/Documents/Projects/HW3/aedtProjects/pp39Brass_2/pp39Brass_2.aedtresults/eddy.results/DV35_SOL10_V27.Field57/fields.hdr. Error: No such file or directory. (10:09:59 PM  Apr 02, 2025)
[error] Project:pp39Brass_2, Design:eddy (Transient), Failed to copy local file /tmp/maxwell_gate1.hpc_3906046.pjt/out9.pjt/out9.fac to file /home1/harry261/Documents/Projects/HW3/aedtProjects/pp39Brass_2/pp39Brass_2.aedtresults/eddy.results/DV35_S9_V15.cmesh58/current.fac. Error: No such file or directory. (10:10:50 PM  Apr 02, 2025)
[error] Project:pp39Brass_2, Design:eddy (Transient), Unable to save current mesh data for simulation: MySetupAuto (10:10:50 PM  Apr 02, 2025)
[error] Project:pp39Brass_2, Design:eddy (Transient), Failed to copy local file /tmp/maxwell_gate1.hpc_3906046.pjt/restart_out9.pjt/setup to file /home1/harry261/Documents/Projects/HW3/aedtProjects/pp39Brass_2/pp39Brass_2.aedtresults/eddy.results/DV35_SOL10_V28.Data/setup. Error: No such file or directory. (10:10:50 PM  Apr 02, 2025)
[error] Project:pp39Brass_2, Design:eddy (Transient), Failed to copy local file /tmp/maxwell_gate1.hpc_3906046.pjt/out9.pjt//out9.hdr to file /home1/harry261/Documents/Projects/HW3/aedtProjects/pp39Brass_2/pp39Brass_2.aedtresults/eddy.results/DV35_SOL10_V27.Field59/fields.hdr. Error: No such file or directory. (10:10:50 PM  Apr 02, 2025)
[error] Project:pp39Brass_2, Design:eddy (Transient), Failed to copy local file /tmp/maxwell_gate1.hpc_3906046.pjt/out10.pjt/out10.fac to file /home1/harry261/Documents/Projects/HW3/aedtProjects/pp39Brass_2/pp39Brass_2.aedtresults/eddy.results/DV35_S9_V15.cmesh60/current.fac. Error: No such file or directory. (10:11:43 PM  Apr 02, 2025)
[error] Project:pp39Brass_2, Design:eddy (Transient), Unable to save current mesh data for simulation: MySetupAuto (10:11:43 PM  Apr 02, 2025)
[error] Project:pp39Brass_2, Design:eddy (Transient), Failed to copy local file /tmp/maxwell_gate1.hpc_3906046.pjt/restart_out10.pjt/setup to file /home1/harry261/Documents/Projects/HW3/aedtProjects/pp39Brass_2/pp39Brass_2.aedtresults/eddy.results/DV35_SOL10_V28.Data/setup. Error: No such file or directory. (10:11:43 PM  Apr 02, 2025)
[error] Project:pp39Brass_2, Design:eddy (Transient), Failed to copy local file /tmp/maxwell_gate1.hpc_3906046.pjt/out10.pjt//out10.hdr to file /home1/harry261/Documents/Projects/HW3/aedtProjects/pp39Brass_2/pp39Brass_2.aedtresults/eddy.results/DV35_SOL10_V27.Field61/fields.hdr. Error: No such file or directory. (10:11:43 PM  Apr 02, 2025)
[error] Project:pp39Brass_2, Design:eddy (Transient), Failed to copy local file /tmp/maxwell_gate1.hpc_3906046.pjt/out11.pjt/out11.fac to file /home1/harry261/Documents/Projects/HW3/aedtProjects/pp39Brass_2/pp39Brass_2.aedtresults/eddy.results/DV35_S9_V15.cmesh62/current.fac. Error: No such file or directory. (10:12:38 PM  Apr 02, 2025)
[error] Project:pp39Brass_2, Design:eddy (Transient), Unable to save current mesh data for simulation: MySetupAuto (10:12:38 PM  Apr 02, 2025)
[error] Project:pp39Brass_2, Design:eddy (Transient), Failed to copy local file /tmp/maxwell_gate1.hpc_3906046.pjt/restart_out11.pjt/setup to file /home1/harry261/Documents/Projects/HW3/aedtProjects/pp39Brass_2/pp39Brass_2.aedtresults/eddy.results/DV35_SOL10_V28.Data/setup. Error: No such file or directory. (10:12:38 PM  Apr 02, 2025)
[error] Project:pp39Brass_2, Design:eddy (Transient), Failed to copy local file /tmp/maxwell_gate1.hpc_3906046.pjt/out11.pjt//out11.hdr to file /home1/harry261/Documents/Projects/HW3/aedtProjects/pp39Brass_2/pp39Brass_2.aedtresults/eddy.results/DV35_SOL10_V27.Field63/fields.hdr. Error: No such file or directory. (10:12:38 PM  Apr 02, 2025)
[error] Project:pp39Brass_2, Design:eddy (Transient), Failed to copy local file /tmp/maxwell_gate1.hpc_3906046.pjt/out12.pjt/out12.fac to file /home1/harry261/Documents/Projects/HW3/aedtProjects/pp39Brass_2/pp39Brass_2.aedtresults/eddy.results/DV35_S9_V15.cmesh64/current.fac. Error: No such file or directory. (10:13:29 PM  Ap[warning] Project:pp32Brass_2, Design:eddy (Transient), The variable  'Freq' doesn't have an associated sweep and is excluded from the definition of trace. (05:13:47 PM  Apr 03, 2025)
[warning] Project:pp32Brass_2, Design:eddy (Transient), Report pp[warning] Project:pp40Brass_2, Design:eddy (Transient), The variable  'Freq' doesn't have an asStopping Batch Run: 5:13:50 PM  Apr 03, 2025
ition of trace. (05:13:47 PM  Apr 03, 2025)
[warning] Project:pp40Brass_2, Design:eddy (Transient), Report pp40Brass_2_magnet2_10T_Brass_9.00cm_per_sec has no data for export. (05:13:47 PM  Apr 03, 2025)
Stopping Batch Run: 5:13:51 PM  Apr 03, 2025
  'Freq' doesn't have an asStopping Batch Run: 5:13:52 PM  Apr 03, 2025
ition of trace. (05:13:47 PM  Apr 03, 2025)
[warning] Project:pp41Brass_2, Design:eddy (Transient), Report pp41Brass_2_magnet2_10T_Brass_14.86cm_per_sec has no data for export. (05:13:47 PM  Apr 03, 2025)
Stopping Batch Run: 5:13:48 PM  Apr 03, 2025
ut13.fac to file /ho[warning] Project:pp34Brass_2, Design:eddy (Transient), The variable  'Freq' doesn't have an associated sweep and is excluded from the definition of trace. (05:13:47 PM  Apr 03, 2025)
[warning] Project:pp34Brass_2, Design:eddy (Transient), Report pp34Brass_2_magnet1_10T_Brass_20.71cm_per_sec has no data for export. (05:13:47 PM  Apr 03, 2025)
Stopping Batch Run: 5:13:50 PM  Apr 03, 2025
Brass_1, Design:eddy (Transient), Normal completion of simulation on server: Local Machine. (10:20:11 PM  Apr 02, 2025)
[warning] Project:pp33Brass_1, Design:eddy (Transient), The variable  'Freq' doesn't have an associated sweep and is excluded from the definition of trace. (10:20:12 PM  Apr 02, 2025[info] Project:pp34Brass_1, Design:eddy (Transient), Normal completion of simulation on server: Local Machine. (10:20:15 PM  Apr 02, 2025)
[warning] Project:pp34Brass_1, Design:eddy (Transient), The variable  'Freq' doesn't have an associated sweep and is excluded from the definition of trace. (10:20:16 PM  Apr 02, 2025[info] Project:pp35Brass_1, Design:eddy (Transient), Normal completion of simulation on server: Local Machine. (10:20:19 PM[warning] Project:pp35Brass_2, Design:eddy (Transient), The variable  'Freq' doesn't have an associated sweep and is excluded from the definition of trace. (05:13:47 PM  Apr 03, 2025)
[warning] Project:pp35Brass_2, Design:eddy (Transient), Report pp35Brass_2_magnet1_10T_Brass_26.57cm_per_sec has no data for export. (05[warning] Project:pp36BraStopping Batch Run: 5:13:49 PM  Apr 03, 2025
'Freq' doesn't have an associated sweep and is excluded from the definition of trace. (05:13:47 PM  Apr 03, 2025)
[warning] Project:pp36Brass_2, Design:eddy (Transient), Report pp36Brass_2_magnet1_10T_Brass_32.43cm_per_sec has no data for export. (05:13:47 PM  Apr 03, 2025)
Stopping Batch Run: 5:13:52 PM  Apr 03, 2025
'Freq' doesn't have an associated sweep and is excluded from the definition of trace. (05:13:47 PM  Apr 03, 2025)
[warning] Project:pp37Brass_2, Design:eddy (Transient), Report pp37Brass_2_magnet1_10T_Brass_38.29cm_per_sec has no data for export. (05:13:47 PM  Apr 03, 2025)
Stopping Batch Run: 5:13:49 PM  Apr 03, 2025
'Freq' doesn't have an associated sweep and is excluded from the definition of trace. (05:13:47 PM  Apr 03, 2025)
[warning] Project:pp38Brass_2, Design:eddy (Transient), Report pp38Brass_2_magnet1_10T_Brass_44.14cm_per_sec has no data for export. (05:13:47 PM  Apr 03, 2025)
Stopping Batch Run: 5:13:52 PM  Apr 03, 2025
'Freq' doesn't have an associated sweep and is excluded from the definition of trace. (05:13:47 PM  Apr 03, 2025)
[warning] Project:pp39Brass_2, Design:eddy (Transient), Report pp39Brass_2_magnet1_10T_Brass_50.00cm_per_sec has no data for export. (05:13:47 PM  Apr 03, 2025)
Stopping Batch Run: 5:13:49 PM  Apr 03, 2025
ion on server: Local Machine. (10:11:45 PM  Apr 02, 2025)
[warning] Project:pp41Brass_1, Design:eddy (Transient), The variable  'Freq' doesn't have an associated sweep and is excluded from the definition of trace. (10:11:46 PM  Apr 02, 2025[info] Project:pp42Brass_1, Design:eddy (Transient), Normal completion of simulation on server: Local Machine. (10:11:56 PM  Apr 02, 2025)
[warning] Project:pp42Brass_1, Design:eddy (Transient), The variable  'Freq' doesn't have an associated sweep and is excluded from the definition of trace. (10:11:57 PM  Apr 02, 2025[info] Project:pp43Brass_1, Design:eddy (Transient), Normal completion of simulation on server: Local Machine. (10:12:22 PM  Apr 02, 2025)
[warning] Project:pp43Brass_1, Design:eddy (Transient), The variable  'Freq[info] Project:pp44Brass_1, Design:eddy (Transient), Normal completion of simulation on server: Local Machine. (10:12:35 PM  Apr 02, 2025)
[warning] Project:pp44Brass_1, Design:eddy (Transient), The variable  'Freq' doesn't have an associated sweep and is excluded from the def[info] Project:pp45Brass_1, Design:eddy (Transient), Normal completion of simulation on server: Local Machine. (10:12:47 PM  Apr 02, 2025)
[warning] Project:pp45Brass_1, Design:eddy (Transient), The variable  'Freq[info] Project:pp46Brass_1, Design:eddy (Transient), Normal completion of simulation on server: Local Machine. (10:12:59 PM  Apr 02, 2025)
[warning] Project:pp46Brass_1, Design:eddy (Transient), The variable  'Freq' doesn't have an associated sweep and is excluded from the definition of trace. (10:13:00 PM  Apr 02, 2025[info] Project:pp47Brass_1, Design:eddy (Transient), Normal completion of simulation on server: Local Machine. (10:13:11 PM  Apr 02, 2025)
[warning] Project:pp47Brass_1, Design:eddy (Transient), The variable  'Freq' doesn't have an associated sweep and is excluded from the definition of trace. (10:13:12 PM  Apr 02, 2025)
Stopping Batch Run: 10:13:14 PM  Apr 02, 2025
r running on port: 35451.

[info] Projec[info] Project:pp48Brass_1, Design:eddy (Transient), Normal completion of simulation on server: Local Machine. (10:34:19 PM  Apr 02, 2025)
[warning] Project:pp48Brass_1, Design:eddy (Transient), The variable  'Freq' doesn't have an associated sweep and is excluded from the definition of trace. (10:34:20 PM  Apr 02, 2025[info] Project:pp49Brass_1, Design:eddy (Transient), Normal completion of simulation on server: Local Machine. (10:34:34 PM  Apr 02, 2025)
[warning] Project:pp49Brass_1, Design:eddy (Transient), The variable  'Freq[info] Project:pp50Brass_1, Design:eddy (Transient), Normal completion of simulation on server: Local MachineStopping Batch Run: 10:34:38 P[warning] Project:pp50Brass_1, Design:eddy (Transient), The variable  'Freq[info] Project:pp51Brass_1, Design:eddy (Transient), Normal completion of simulation on server: Local MachineStopping Batch Run: 10:34:44 P[warning] Project:pp51Brass_1, Design:eddy (Transient), The variable  'Freq' doesn't have an associated sweep and is excluded from the definition of trace. (10:34:45 PM  Apr 02, 2025[info] Project:pp52Brass_1, Design:eddy (Transient), Normal completion of simulation on server: Local Machine. (10:35:01 PM  Apr 02, 2025)
[warning] Project:pp52Brass_1, Design:eddy (Transient), The variable  'Freq[info] Project:pp53Brass_1, Design:eddy (Transient), Normal completion of simulation on server: Local Machine. (10:35:10 PM  Apr 02, 2025)
[warning] Project:pp53Brass_1, Design:eddy (Transient), The variable  'Freq' doesn't have an associated sweep and is excluded from the definition of trace. (10:35:11 PM  Apr 02, 2025[info] Project:pp54Brass_1, Design:eddy (Transient), Normal completion of simulation on server: Local Machine. (10:35:31 PM  Apr 02, 2025)
[warning] Project:pp54Brass_1, Design:eddy (Transient), The variable  'Freq[info] Project:pp55Brass_1, Design:eddy (Transient), Normal completion of simulation on server: Local Machine. (10:35:38 PM  Apr 02, 2025)
[warning] Project:pp55Brass_1, Design:eddy (Transient), The variable  'Freq' doesn't have an associated sweep and is excluded from the definition of trace. (10:35:39 PM  Apr 02, 2025)
Stopping Batch Run: 10:35:44 PM  Apr 02, 2025
esign:eddy (Transient), Normal completion of simulation on server: Local Machine. (10:16:08 PM  Apr 02, 2025)
[warning] Project:pp57Brass_1, Design:eddy (Transient), The variable  'Freq[info] Project:pp58Brass_1, Design:eddy (Transient), Normal completion of simulation on server: Local Machine. (10:16:16 PM  Apr 02, 2025)
[warning] Project:pp58Brass_1, Design:eddy (Transient), The variable  'Freq' doesn't have an associated sweep and is excluded from the def[info] Project:pp59Brass_1, Design:eddy (Transient), Normal completion of simulation on server: Local Machine. (10:16:30 PM  Apr 02, 2025)
[warning] Project:pp59Brass_1, Design:eddy (Transient), The variable  'Freq[info] Project:pp60Brass_1, Design:eddy (Transient), Normal completion of simulation on server: Local Machine. (10:16:41 PM  Apr 02, 2025)
[warning] Project:pp60Brass_1, Design:eddy (Transient), The variable  'Freq[info] Project:pp61Brass_1, Design:eddy (Transient), Normal completion of simulation on server: Local Machine. (10:16:51 PM  Apr 02, 2025)
[warning] Project:pp61Brass_1, Design:eddy (Transient), The variable  'Freq[info] Project:pp62Brass_1, Design:eddy (Transient), Normal completion of simulation on server: Local Machine. (10:16:59 PM  Apr 02, 2025)
[warning] Project:pp62Brass_1, Design:eddy (Transient), The variable  'Freq[info] Project:pp63Brass_1, Design:eddy (Transient), Normal completion of simulation on server: Local Machine. (10:17:12 PM  Apr 02, 2025)
[warning] Project:pp63Brass_1, Design:eddy (Transient), The variable  'Freq' doesn't have an associated sweep and is excluded from the definition of trace. (10:17:13 PM  Apr 02, 2025)
Stopping Batch Run: 10:17:17 PM  Apr 02, 2025
 
Ansys Electronics Desktop Version 2024.2.0, Build: 2024-05-23 02:10:25
Location: /opt/ohpc/pub/Electronics/v242/Linux64/ansysedt.exe
Non Graphical Mode: No Project??
Starting Batch Run: 10:30:06 PM  Apr 02, 2025
Temp directory: /tmp
Project directory: /home1/harry261/Ansoft
[info] GRPC server running on port: 54975.

[info] Project:pp48Brass_2, Design:eddy (Transient), Verify conduction path: Conduction path validate success. (10:30:30 PM  Apr 02, 2025)
[info] Project:pp48Brass_2, Design:eddy (Transient), Seed Refinement Estimates for body Metal might reach 187061 tets from 164 tets. Predicting a growth of 1140.62 %. (10:30:30 PM  A[info] Projec[info] Project:pp48Brass_2, Design:eddy (Transient), Normal completion of simulation on server: Local Machine. (10:54:33 PM  Apr 02, 2025)
[warning] Project:pp48Brass_2, Design:eddy (Transient), The variable  'Freq' doesn't have an associated sweep and is excluded from the definition of trace. (10:54:34 PM  Apr 02, 2025[info] Project:pp49Brass_2, Design:eddy (Transient), Normal completion of simulation on server: Local Machine. (10:54:44 PM  Apr 02, 2025)
[warning] Project:pp49Brass_2, Design:eddy (Transient), The variable  'Freq' doesn't have an associated sweep and is excluded from the def[info] Project:pp50Brass_2, Design:eddy (Transient), Normal completion of simulation on server: Local Machine. (10:55:07 PM  Apr 02, 2025)
[warning] Project:pp50Brass_2, Design:eddy (Transient), The variable  'Freq' doesn't have an associated sweep and is excluded from the definition of trace. (10:55:08 PM  Apr 02, 2025)
Stopping Batch Run: 10:55:09 PM  Apr 02, 2025
nt), Normal completion of simulation on server: Local Machine. (10:54:47 PM  Apr 02, 2025)
[warning] Project:pp51Brass_2, Design:eddy (Transient), The variable  'Freq' doesn't have an associated sweep and is excluded from the definition of trace. (10:54:48 PM  Apr 02, 2025[info] Project:pp52Brass_2, Design:eddy (Transient), Normal completion of simulation on server: Local Machine. (10:55:03 PM  Apr 02, 2025)
[warning] Project:pp52Brass_2, Design:eddy (Transient), The variable  'Freq' doesn't have an associated sweep and is excluded from the definition of trace. (10:55:04 PM  Apr 02, 2025)
Stopping Ba[info] Project:pp53Brass_2, Design:eddy (Transient), Normal completion of simulation on server: Local Machine. (10:55:35 PM  Apr 02, 2025)
[warning] Project:pp53Brass_2, Design:eddy (Transient), The variable  'Freq' doesn't have an associated sweep and is excluded from the definition of trace. (10:55:37 PM  Apr 02, 2025[iStopping Batch Run: 10:55:40 PM  Apr 02, 2025
nt), Normal completion of simulation on server: Local Machine. (10:55:40 PM  Apr 02, 2025)
[warning] Project:pp54Brass_2, Design:eddy (Transient), The variable  'Freq' doesn't have an associated sweep and is excluded from the definition of trace. (10:55:41 PM  Apr 02, 2025[info] Project:pp55Brass_2, Design:eddy (Transient), Normal completion of simulation on server: Local Machine. (10:55:57 PM  Apr 02, 2025)
[warning] Project:pp55Brass_2, Design:eddy (Transient), The variable  'Freq' doesn't have an associated sweep and is excluded from the definition of trace. (10:55:58 PM  Apr 02, 2025)
Stopping Batch Run: 10:56:03 PM  Apr 02, 2025
